Archive member included to satisfy reference by file (symbol)

c:/program files (x86)/atmel/studio/7.0/toolchain/avr8/avr8-gnu-toolchain/bin/../lib/gcc/avr/5.4.0/../../../../avr/lib/avr6\libm.a(floatsisf.o)
                              src/libcsp/src/csp_iflist.o (__floatunsisf)
c:/program files (x86)/atmel/studio/7.0/toolchain/avr8/avr8-gnu-toolchain/bin/../lib/gcc/avr/5.4.0/../../../../avr/lib/avr6\libm.a(mulsf3.o)
                              src/libcsp/src/csp_iflist.o (__mulsf3)
c:/program files (x86)/atmel/studio/7.0/toolchain/avr8/avr8-gnu-toolchain/bin/../lib/gcc/avr/5.4.0/../../../../avr/lib/avr6\libm.a(mulsf3x.o)
                              c:/program files (x86)/atmel/studio/7.0/toolchain/avr8/avr8-gnu-toolchain/bin/../lib/gcc/avr/5.4.0/../../../../avr/lib/avr6\libm.a(mulsf3.o) (__mulsf3x)
c:/program files (x86)/atmel/studio/7.0/toolchain/avr8/avr8-gnu-toolchain/bin/../lib/gcc/avr/5.4.0/../../../../avr/lib/avr6\libm.a(fp_inf.o)
                              c:/program files (x86)/atmel/studio/7.0/toolchain/avr8/avr8-gnu-toolchain/bin/../lib/gcc/avr/5.4.0/../../../../avr/lib/avr6\libm.a(mulsf3x.o) (__fp_inf)
c:/program files (x86)/atmel/studio/7.0/toolchain/avr8/avr8-gnu-toolchain/bin/../lib/gcc/avr/5.4.0/../../../../avr/lib/avr6\libm.a(fp_nan.o)
                              c:/program files (x86)/atmel/studio/7.0/toolchain/avr8/avr8-gnu-toolchain/bin/../lib/gcc/avr/5.4.0/../../../../avr/lib/avr6\libm.a(mulsf3x.o) (__fp_nan)
c:/program files (x86)/atmel/studio/7.0/toolchain/avr8/avr8-gnu-toolchain/bin/../lib/gcc/avr/5.4.0/../../../../avr/lib/avr6\libm.a(fp_pscA.o)
                              c:/program files (x86)/atmel/studio/7.0/toolchain/avr8/avr8-gnu-toolchain/bin/../lib/gcc/avr/5.4.0/../../../../avr/lib/avr6\libm.a(mulsf3x.o) (__fp_pscA)
c:/program files (x86)/atmel/studio/7.0/toolchain/avr8/avr8-gnu-toolchain/bin/../lib/gcc/avr/5.4.0/../../../../avr/lib/avr6\libm.a(fp_pscB.o)
                              c:/program files (x86)/atmel/studio/7.0/toolchain/avr8/avr8-gnu-toolchain/bin/../lib/gcc/avr/5.4.0/../../../../avr/lib/avr6\libm.a(mulsf3x.o) (__fp_pscB)
c:/program files (x86)/atmel/studio/7.0/toolchain/avr8/avr8-gnu-toolchain/bin/../lib/gcc/avr/5.4.0/../../../../avr/lib/avr6\libm.a(fp_round.o)
                              c:/program files (x86)/atmel/studio/7.0/toolchain/avr8/avr8-gnu-toolchain/bin/../lib/gcc/avr/5.4.0/../../../../avr/lib/avr6\libm.a(mulsf3.o) (__fp_round)
c:/program files (x86)/atmel/studio/7.0/toolchain/avr8/avr8-gnu-toolchain/bin/../lib/gcc/avr/5.4.0/../../../../avr/lib/avr6\libm.a(fp_split3.o)
                              c:/program files (x86)/atmel/studio/7.0/toolchain/avr8/avr8-gnu-toolchain/bin/../lib/gcc/avr/5.4.0/../../../../avr/lib/avr6\libm.a(mulsf3x.o) (__fp_split3)
c:/program files (x86)/atmel/studio/7.0/toolchain/avr8/avr8-gnu-toolchain/bin/../lib/gcc/avr/5.4.0/../../../../avr/lib/avr6\libm.a(fp_zero.o)
                              c:/program files (x86)/atmel/studio/7.0/toolchain/avr8/avr8-gnu-toolchain/bin/../lib/gcc/avr/5.4.0/../../../../avr/lib/avr6\libm.a(mulsf3x.o) (__fp_szero)
c:/program files (x86)/atmel/studio/7.0/toolchain/avr8/avr8-gnu-toolchain/bin/../lib/gcc/avr/5.4.0/avr6\libgcc.a(_divmodhi4.o)
                              src/libcsp/src/csp_conn.o (__divmodhi4)
c:/program files (x86)/atmel/studio/7.0/toolchain/avr8/avr8-gnu-toolchain/bin/../lib/gcc/avr/5.4.0/avr6\libgcc.a(_udivmodsi4.o)
                              src/libcsp/src/arch/freertos/csp_time.o (__udivmodsi4)
c:/program files (x86)/atmel/studio/7.0/toolchain/avr8/avr8-gnu-toolchain/bin/../lib/gcc/avr/5.4.0/avr6\libgcc.a(_exit.o)
                              C:/Program Files (x86)/Atmel/Studio/7.0/Packs/atmel/ATmega_DFP/1.3.300/gcc/dev/atmega2560/avr6/crtatmega2560.o (exit)
c:/program files (x86)/atmel/studio/7.0/toolchain/avr8/avr8-gnu-toolchain/bin/../lib/gcc/avr/5.4.0/avr6\libgcc.a(_tablejump2.o)
                              src/libcsp/src/arch/freertos/csp_system.o (__tablejump2__)
c:/program files (x86)/atmel/studio/7.0/toolchain/avr8/avr8-gnu-toolchain/bin/../lib/gcc/avr/5.4.0/avr6\libgcc.a(_copy_data.o)
                              src/FreeRTOS/Source/tasks.o (__do_copy_data)
c:/program files (x86)/atmel/studio/7.0/toolchain/avr8/avr8-gnu-toolchain/bin/../lib/gcc/avr/5.4.0/avr6\libgcc.a(_clear_bss.o)
                              src/FreeRTOS/Source/portable/MemMang/heap_4.o (__do_clear_bss)
c:/program files (x86)/atmel/studio/7.0/toolchain/avr8/avr8-gnu-toolchain/bin/../lib/gcc/avr/5.4.0/avr6\libgcc.a(_umulhisi3.o)
                              src/util/i2c.o (__umulhisi3)
c:/program files (x86)/atmel/studio/7.0/toolchain/avr8/avr8-gnu-toolchain/bin/../lib/gcc/avr/5.4.0/avr6\libgcc.a(_ashldi3.o)
                              src/libcsp/src/csp_endian.o (__ashldi3)
c:/program files (x86)/atmel/studio/7.0/toolchain/avr8/avr8-gnu-toolchain/bin/../lib/gcc/avr/5.4.0/avr6\libgcc.a(_ashrdi3.o)
                              src/libcsp/src/csp_endian.o (__lshrdi3)
[...]
Memory Configuration

Name             Origin             Length             Attributes
text             0x00000000         0x00100000         xr
data             0x00800200         0x0000fe00         rw !x
eeprom           0x00810000         0x00010000         rw !x
fuse             0x00820000         0x00000003         rw !x
lock             0x00830000         0x00000400         rw !x
signature        0x00840000         0x00000400         rw !x
user_signatures  0x00850000         0x00000400         rw !x
*default*        0x00000000         0xffffffff

Linker script and memory map

Address of section .data set to 0x800200
LOAD C:/Program Files (x86)/Atmel/Studio/7.0/Packs/atmel/ATmega_DFP/1.3.300/gcc/dev/atmega2560/avr6/crtatmega2560.o
LOAD src/ASF/common/services/clock/mega/sysclk.o
LOAD src/driver_debug.o
LOAD src/FreeRTOS/Source/list.o
LOAD src/FreeRTOS/Source/portable/MemMang/heap_4.o
LOAD src/FreeRTOS/Source/portable/WinAVR/ATmega2560/port.o
LOAD src/FreeRTOS/Source/queue.o
LOAD src/FreeRTOS/Source/tasks.o
LOAD src/FreeRTOS/Source/timers.o
LOAD src/libcsp/src/arch/freertos/csp_malloc.o
LOAD src/libcsp/src/arch/freertos/csp_queue.o
LOAD src/libcsp/src/arch/freertos/csp_semaphore.o
LOAD src/libcsp/src/arch/freertos/csp_system.o
LOAD src/libcsp/src/arch/freertos/csp_thread.o
LOAD src/libcsp/src/arch/freertos/csp_time.o
LOAD src/libcsp/src/crypto/csp_hmac.o
LOAD src/libcsp/src/crypto/csp_sha1.o
LOAD src/libcsp/src/crypto/csp_xtea.o
LOAD src/libcsp/src/csp_bridge.o
LOAD src/libcsp/src/csp_buffer.o
LOAD src/libcsp/src/csp_conn.o
LOAD src/libcsp/src/csp_crc32.o
LOAD src/libcsp/src/csp_debug.o
LOAD src/libcsp/src/csp_dedup.o
LOAD src/libcsp/src/csp_endian.o
LOAD src/libcsp/src/csp_iflist.o
LOAD src/libcsp/src/csp_io.o
LOAD src/libcsp/src/csp_port.o
LOAD src/libcsp/src/csp_promisc.o
LOAD src/libcsp/src/csp_qfifo.o
LOAD src/libcsp/src/csp_route.o
LOAD src/libcsp/src/csp_services.o
LOAD src/libcsp/src/csp_service_handler.o
LOAD src/libcsp/src/csp_sfp.o
LOAD src/libcsp/src/interfaces/csp_if_can.o
LOAD src/libcsp/src/interfaces/csp_if_i2c.o
LOAD src/libcsp/src/interfaces/csp_if_kiss.o
LOAD src/libcsp/src/interfaces/csp_if_lo.o
LOAD src/libcsp/src/rtable/csp_rtable_static.o
LOAD src/libcsp/src/transport/csp_rdp.o
LOAD src/libcsp/src/transport/csp_udp.o
LOAD src/obc/obc_task.o
LOAD src/util/i2c.o
LOAD src/util/uart.o
LOAD src/src/main.o
LOAD src/ASF/mega/boards/stk600/rcx_x/init.o
START GROUP
LOAD c:/program files (x86)/atmel/studio/7.0/toolchain/avr8/avr8-gnu-toolchain/bin/../lib/gcc/avr/5.4.0/../../../../avr/lib/avr6\libm.a
END GROUP
START GROUP
LOAD c:/program files (x86)/atmel/studio/7.0/toolchain/avr8/avr8-gnu-toolchain/bin/../lib/gcc/avr/5.4.0/avr6\libgcc.a
LOAD c:/program files (x86)/atmel/studio/7.0/toolchain/avr8/avr8-gnu-toolchain/bin/../lib/gcc/avr/5.4.0/../../../../avr/lib/avr6\libm.a
LOAD c:/program files (x86)/atmel/studio/7.0/toolchain/avr8/avr8-gnu-toolchain/bin/../lib/gcc/avr/5.4.0/../../../../avr/lib/avr6\libc.a
LOAD C:/Program Files (x86)/Atmel/Studio/7.0/Packs/atmel/ATmega_DFP/1.3.300/gcc/dev/atmega2560/avr6\libatmega2560.a
END GROUP
                0x00000000                __TEXT_REGION_ORIGIN__ = DEFINED (__TEXT_REGION_ORIGIN__)?__TEXT_REGION_ORIGIN__:0x0
                0x00800200                __DATA_REGION_ORIGIN__ = DEFINED (__DATA_REGION_ORIGIN__)?__DATA_REGION_ORIGIN__:0x800200
                0x00100000                __TEXT_REGION_LENGTH__ = DEFINED (__TEXT_REGION_LENGTH__)?__TEXT_REGION_LENGTH__:0x100000
                0x0000fe00                __DATA_REGION_LENGTH__ = DEFINED (__DATA_REGION_LENGTH__)?__DATA_REGION_LENGTH__:0xfe00
                0x00010000                __EEPROM_REGION_LENGTH__ = DEFINED (__EEPROM_REGION_LENGTH__)?__EEPROM_REGION_LENGTH__:0x10000
                [0x00000003]                __FUSE_REGION_LENGTH__ = DEFINED (__FUSE_REGION_LENGTH__)?__FUSE_REGION_LENGTH__:0x400
                0x00000400                __LOCK_REGION_LENGTH__ = DEFINED (__LOCK_REGION_LENGTH__)?__LOCK_REGION_LENGTH__:0x400
                0x00000400                __SIGNATURE_REGION_LENGTH__ = DEFINED (__SIGNATURE_REGION_LENGTH__)?__SIGNATURE_REGION_LENGTH__:0x400
                0x00000400                __USER_SIGNATURE_REGION_LENGTH__ = DEFINED (__USER_SIGNATURE_REGION_LENGTH__)?__USER_SIGNATURE_REGION_LENGTH__:0x400

.hash
 *(.hash)

.dynsym
 *(.dynsym)

.dynstr
 *(.dynstr)

.gnu.version
 *(.gnu.version)

.gnu.version_d
 *(.gnu.version_d)

.gnu.version_r
 *(.gnu.version_r)

.rel.init
 *(.rel.init)

.rela.init
 *(.rela.init)

.rel.text
 *(.rel.text)
 *(.rel.text.*)
 *(.rel.gnu.linkonce.t*)

.rela.text
 *(.rela.text)
 *(.rela.text.*)
 *(.rela.gnu.linkonce.t*)

.rel.fini
 *(.rel.fini)

.rela.fini
 *(.rela.fini)

.rel.rodata
 *(.rel.rodata)
 *(.rel.rodata.*)
 *(.rel.gnu.linkonce.r*)

.rela.rodata
 *(.rela.rodata)
 *(.rela.rodata.*)
 *(.rela.gnu.linkonce.r*)

.rel.data
 *(.rel.data)
 *(.rel.data.*)
 *(.rel.gnu.linkonce.d*)

.rela.data
 *(.rela.data)
 *(.rela.data.*)
 *(.rela.gnu.linkonce.d*)

.rel.ctors
 *(.rel.ctors)

.rela.ctors
 *(.rela.ctors)

.rel.dtors
 *(.rel.dtors)

.rela.dtors
 *(.rela.dtors)

.rel.got
 *(.rel.got)

.rela.got
 *(.rela.got)

.rel.bss
 *(.rel.bss)

.rela.bss
 *(.rela.bss)

.rel.plt
 *(.rel.plt)

.rela.plt
 *(.rela.plt)

.text           0x00000000     0x5f3a
 *(.vectors)
 .vectors       0x00000000       0xe4 C:/Program Files (x86)/Atmel/Studio/7.0/Packs/atmel/ATmega_DFP/1.3.300/gcc/dev/atmega2560/avr6/crtatmega2560.o
                0x00000000                __vector_default
                0x00000000                __vectors
 *(.vectors)
 *(.progmem.gcc*)
 .progmem.gcc_sw_table.csp_sys_set_color
                0x000000e4       0x10 src/libcsp/src/arch/freertos/csp_system.o
 .progmem.gcc_sw_table.do_csp_debug
                0x000000f4        0xe src/libcsp/src/csp_debug.o
 .progmem.gcc_sw_table.__vector_39
                0x00000102      0x182 src/util/i2c.o
                0x00000284                . = ALIGN (0x2)
                0x00000284                __trampolines_start = .
 *(.trampolines)
 .trampolines   0x00000284        0x0 linker stubs
 *(.trampolines*)
                0x00000284                __trampolines_end = .
 *libprintf_flt.a:*(.progmem.data)
 *libc.a:*(.progmem.data)
 *(.progmem*)
 .progmem.data.__c.2854
                0x00000284       0x16 src/libcsp/src/arch/freertos/csp_semaphore.o
 .progmem.data.__c.2849
                0x0000029a       0x16 src/libcsp/src/arch/freertos/csp_semaphore.o
 .progmem.data.__c.2821
                0x000002b0        0x9 src/libcsp/src/arch/freertos/csp_system.o
 .progmem.data.__c.2885
                0x000002b9       0x16 src/libcsp/src/csp_buffer.o
 .progmem.data.__c.2883
                0x000002cf       0x30 src/libcsp/src/csp_buffer.o
 .progmem.data.__c.2881
                0x000002ff       0x2a src/libcsp/src/csp_buffer.o
 .progmem.data.__c.2879
                0x00000329       0x31 src/libcsp/src/csp_buffer.o
 .progmem.data.__c.2877
                0x0000035a       0x33 src/libcsp/src/csp_buffer.o
 .progmem.data.__c.2874
                0x0000038d       0x2a src/libcsp/src/csp_buffer.o
 .progmem.data.__c.2864
                0x000003b7       0x20 src/libcsp/src/csp_buffer.o
 .progmem.data.__c.2862
                0x000003d7       0x18 src/libcsp/src/csp_buffer.o
 .progmem.data.__c.2860
                0x000003ef       0x1c src/libcsp/src/csp_buffer.o
 .progmem.data.__c.2858
                0x0000040b       0x34 src/libcsp/src/csp_buffer.o
 .progmem.data.__c.3263
                0x0000043f       0x66 src/libcsp/src/csp_conn.o
 .progmem.data.__c.3261
                0x000004a5       0x64 src/libcsp/src/csp_conn.o
 .progmem.data.__c.3259
                0x00000509       0x68 src/libcsp/src/csp_conn.o
 .progmem.data.__c.3257
                0x00000571       0x58 src/libcsp/src/csp_conn.o
 .progmem.data.__c.3246
                0x000005c9       0x27 src/libcsp/src/csp_conn.o
 .progmem.data.__c.3244
                0x000005f0       0x21 src/libcsp/src/csp_conn.o
 .progmem.data.__c.3242
                0x00000611       0x2d src/libcsp/src/csp_conn.o
 .progmem.data.__c.3232
                0x0000063e       0x26 src/libcsp/src/csp_conn.o
 .progmem.data.__c.3227
                0x00000664       0x27 src/libcsp/src/csp_conn.o
 .progmem.data.__c.3198
                0x0000068b       0x2f src/libcsp/src/csp_conn.o
 .progmem.data.__c.3193
                0x000006ba       0x2e src/libcsp/src/csp_conn.o
 .progmem.data.__c.3186
                0x000006e8       0x30 src/libcsp/src/csp_conn.o
 .progmem.data.__c.3181
                0x00000718       0x2c src/libcsp/src/csp_conn.o
 .progmem.data.__c.2557
                0x00000744        0x3 src/libcsp/src/csp_debug.o
 .progmem.data.__c.3371
                0x00000747       0x29 src/libcsp/src/csp_io.o
 .progmem.data.__c.3352
                0x00000770       0x26 src/libcsp/src/csp_io.o
 .progmem.data.__c.3342
                0x00000796       0x71 src/libcsp/src/csp_io.o
 .progmem.data.__c.3340
                0x00000807       0x73 src/libcsp/src/csp_io.o
 .progmem.data.__c.3337
                0x0000087a       0x6c src/libcsp/src/csp_io.o
 .progmem.data.__c.3335
                0x000008e6       0x4c src/libcsp/src/csp_io.o
 .progmem.data.__c.3333
                0x00000932       0x25 src/libcsp/src/csp_io.o
 .progmem.data.__c.3330
                0x00000957       0x35 src/libcsp/src/csp_io.o
 .progmem.data.__c.2723
                0x0000098c       0x41 src/libcsp/src/csp_qfifo.o
 .progmem.data.__c.2719
                0x000009cd       0x37 src/libcsp/src/csp_qfifo.o
 .progmem.data.__c.2717
                0x00000a04       0x34 src/libcsp/src/csp_qfifo.o
 .progmem.data.__c.3089
                0x00000a38       0x29 src/libcsp/src/csp_route.o
 .progmem.data.__c.3060
                0x00000a61       0x66 src/libcsp/src/csp_route.o
 .progmem.data.__c.3053
                0x00000ac7       0x5e src/libcsp/src/csp_route.o
 .progmem.data.__c.3051
                0x00000b25       0x65 src/libcsp/src/csp_route.o
 .progmem.data.__c.3049
                0x00000b8a       0x6a src/libcsp/src/csp_route.o
 .progmem.data.__c.3077
                0x00000bf4       0x2b src/libcsp/src/csp_route.o
 .progmem.data.__c.3074
                0x00000c1f       0x29 src/libcsp/src/csp_route.o
 .progmem.data.__c.3072
                0x00000c48       0x23 src/libcsp/src/csp_route.o
 .progmem.data.__c.3069
                0x00000c6b       0x4c src/libcsp/src/csp_route.o
 .progmem.data.__c.2553
                0x00000cb7       0x11 src/libcsp/src/rtable/csp_rtable_static.o
 .progmem.data.__c.2548
                0x00000cc8       0x10 src/libcsp/src/rtable/csp_rtable_static.o
 .progmem.data.__c.2546
                0x00000cd8       0x1b src/libcsp/src/rtable/csp_rtable_static.o
 .progmem.data.__c.2540
                0x00000cf3       0x35 src/libcsp/src/rtable/csp_rtable_static.o
 .progmem.data.__c.2548
                0x00000d28       0x32 src/libcsp/src/transport/csp_udp.o
 .progmem.data.__c.2546
                0x00000d5a       0x2b src/libcsp/src/transport/csp_udp.o
 .progmem.data.__c.3455
                0x00000d85       0x13 src/obc/obc_task.o
 .progmem.data.__c.3453
                0x00000d98       0x14 src/obc/obc_task.o
 .progmem.data.__c.3451
                0x00000dac       0x21 src/obc/obc_task.o
 .progmem.data.__c.3449
                0x00000dcd       0x16 src/obc/obc_task.o
 .progmem.data.__c.3144
                0x00000de3        0x3 src/util/i2c.o
 .progmem.data.__c.3122
                0x00000de6       0x17 src/util/i2c.o
 .progmem.data.__c.3082
                0x00000dfd       0x12 src/util/i2c.o
 .progmem.data.__c.3080
                0x00000e0f       0x39 src/util/i2c.o
 .progmem.data.__c.3436
                0x00000e48       0x2f src/src/main.o
 .progmem.data.__c.3430
                0x00000e77        0x3 src/src/main.o
 .progmem.data.__c.3428
                0x00000e7a       0x33 src/src/main.o
                0x00000eae                . = ALIGN (0x2)
 *fill*         0x00000ead        0x1 
 *(.jumptables)
 *(.jumptables*)
 *(.lowtext)
 *(.lowtext*)
                0x00000eae                __ctors_start = .
 *(.ctors)
                0x00000eae                __ctors_end = .
                0x00000eae                __dtors_start = .
 *(.dtors)
                0x00000eae                __dtors_end = .
 SORT(*)(.ctors)
 SORT(*)(.dtors)
 *(.init0)
 .init0         0x00000eae        0x0 C:/Program Files (x86)/Atmel/Studio/7.0/Packs/atmel/ATmega_DFP/1.3.300/gcc/dev/atmega2560/avr6/crtatmega2560.o
                0x00000eae                __init
 *(.init0)
 *(.init1)
 *(.init1)
 *(.init2)
 .init2         0x00000eae       0x10 C:/Program Files (x86)/Atmel/Studio/7.0/Packs/atmel/ATmega_DFP/1.3.300/gcc/dev/atmega2560/avr6/crtatmega2560.o
 *(.init2)
 *(.init3)
 *(.init3)
 *(.init4)
 .init4         0x00000ebe       0x1a c:/program files (x86)/atmel/studio/7.0/toolchain/avr8/avr8-gnu-toolchain/bin/../lib/gcc/avr/5.4.0/avr6\libgcc.a(_copy_data.o)
                0x00000ebe                __do_copy_data
 .init4         0x00000ed8       0x10 c:/program files (x86)/atmel/studio/7.0/toolchain/avr8/avr8-gnu-toolchain/bin/../lib/gcc/avr/5.4.0/avr6\libgcc.a(_clear_bss.o)
                0x00000ed8                __do_clear_bss
 *(.init4)
 *(.init5)
 *(.init5)
 *(.init6)
 *(.init6)
 *(.init7)
 *(.init7)
 *(.init8)
 *(.init8)
 *(.init9)
 .init9         0x00000ee8        0x8 C:/Program Files (x86)/Atmel/Studio/7.0/Packs/atmel/ATmega_DFP/1.3.300/gcc/dev/atmega2560/avr6/crtatmega2560.o
 *(.init9)
 *(.text)
 .text          0x00000ef0        0x2 C:/Program Files (x86)/Atmel/Studio/7.0/Packs/atmel/ATmega_DFP/1.3.300/gcc/dev/atmega2560/avr6/crtatmega2560.o
                0x00000ef0                __vector_38
                0x00000ef0                __vector_22
                0x00000ef0                __vector_28
                0x00000ef0                __vector_1
                0x00000ef0                __vector_32
                0x00000ef0                __vector_34
                0x00000ef0                __vector_24
                0x00000ef0                __vector_12
                0x00000ef0                __vector_55
                0x00000ef0                __vector_46
                0x00000ef0                __bad_interrupt
                0x00000ef0                __vector_6
                0x00000ef0                __vector_31
                0x00000ef0                __vector_35
                0x00000ef0                __vector_3
                0x00000ef0                __vector_23
                0x00000ef0                __vector_30
                0x00000ef0                __vector_45
                0x00000ef0                __vector_25
                0x00000ef0                __vector_11
                0x00000ef0                __vector_54
                0x00000ef0                __vector_13
                0x00000ef0                __vector_19
                0x00000ef0                __vector_56
                0x00000ef0                __vector_7
                0x00000ef0                __vector_49
                0x00000ef0                __vector_41
                0x00000ef0                __vector_43
                0x00000ef0                __vector_27
                0x00000ef0                __vector_5
                0x00000ef0                __vector_33
                0x00000ef0                __vector_47
                0x00000ef0                __vector_52
                0x00000ef0                __vector_37
                0x00000ef0                __vector_4
                0x00000ef0                __vector_44
                0x00000ef0                __vector_51
                0x00000ef0                __vector_9
                0x00000ef0                __vector_2
                0x00000ef0                __vector_21
                0x00000ef0                __vector_15
                0x00000ef0                __vector_36
                0x00000ef0                __vector_29
                0x00000ef0                __vector_40
                0x00000ef0                __vector_8
                0x00000ef0                __vector_26
                0x00000ef0                __vector_48
                0x00000ef0                __vector_14
                0x00000ef0                __vector_53
                0x00000ef0                __vector_10
                0x00000ef0                __vector_50
                0x00000ef0                __vector_16
                0x00000ef0                __vector_18
                0x00000ef0                __vector_20
                0x00000ef0                __vector_42
                0x00000ef2                . = ALIGN (0x2)
 *(.text.*)
 .text.vListInitialise
                0x00000ef2       0x22 src/FreeRTOS/Source/list.o
                0x00000ef2                vListInitialise
 .text.vListInitialiseItem
                0x00000f14        0x8 src/FreeRTOS/Source/list.o
                0x00000f14                vListInitialiseItem
 .text.vListInsertEnd
                0x00000f1c       0x42 src/FreeRTOS/Source/list.o
                0x00000f1c                vListInsertEnd
 .text.vListInsert
                0x00000f5e       0x7a src/FreeRTOS/Source/list.o
                0x00000f5e                vListInsert
 .text.uxListRemove
                0x00000fd8       0x4c src/FreeRTOS/Source/list.o
                0x00000fd8                uxListRemove
 .text.prvInsertBlockIntoFreeList
                0x00001024       0x9a src/FreeRTOS/Source/portable/MemMang/heap_4.o
 .text.pvPortMalloc
                0x000010be      0x188 src/FreeRTOS/Source/portable/MemMang/heap_4.o
                0x000010be                pvPortMalloc
 .text.vPortFree
                0x00001246       0x5e src/FreeRTOS/Source/portable/MemMang/heap_4.o
                0x00001246                vPortFree
 .text.pxPortInitialiseStack
                0x000012a4       0xe4 src/FreeRTOS/Source/portable/WinAVR/ATmega2560/port.o
                0x000012a4                pxPortInitialiseStack
 .text.xPortStartScheduler
                0x00001388       0x80 src/FreeRTOS/Source/portable/WinAVR/ATmega2560/port.o
                0x00001388                xPortStartScheduler
 .text.vPortYield
                0x00001408       0xc0 src/FreeRTOS/Source/portable/WinAVR/ATmega2560/port.o
                0x00001408                vPortYield
 .text.vPortYieldFromTick
                0x000014c8       0xc4 src/FreeRTOS/Source/portable/WinAVR/ATmega2560/port.o
                0x000014c8                vPortYieldFromTick
 .text.__vector_17
                0x0000158c        0x4 src/FreeRTOS/Source/portable/WinAVR/ATmega2560/port.o
                0x0000158c                __vector_17
 .text.prvCopyDataToQueue
                0x00001590       0xbe src/FreeRTOS/Source/queue.o
 .text.prvCopyDataFromQueue
                0x0000164e       0x34 src/FreeRTOS/Source/queue.o
 .text.prvUnlockQueue
                0x00001682       0x92 src/FreeRTOS/Source/queue.o
 .text.xQueueGenericReset
                0x00001714       0x72 src/FreeRTOS/Source/queue.o
                0x00001714                xQueueGenericReset
 .text.xQueueGenericCreate
                0x00001786       0x5c src/FreeRTOS/Source/queue.o
                0x00001786                xQueueGenericCreate
 .text.xQueueGenericSend
                0x000017e2      0x138 src/FreeRTOS/Source/queue.o
                0x000017e2                xQueueGenericSend
 .text.xQueueCreateMutex
                0x0000191a       0x36 src/FreeRTOS/Source/queue.o
                0x0000191a                xQueueCreateMutex
 .text.xQueueGenericSendFromISR
                0x00001950       0x70 src/FreeRTOS/Source/queue.o
                0x00001950                xQueueGenericSendFromISR
 .text.xQueueGenericReceive
                0x000019c0      0x18a src/FreeRTOS/Source/queue.o
                0x000019c0                xQueueGenericReceive
 .text.xQueueReceiveFromISR
                0x00001b4a       0x6a src/FreeRTOS/Source/queue.o
                0x00001b4a                xQueueReceiveFromISR
 .text.uxQueueMessagesWaiting
                0x00001bb4       0x10 src/FreeRTOS/Source/queue.o
                0x00001bb4                uxQueueMessagesWaiting
 .text.uxQueueMessagesWaitingFromISR
                0x00001bc4        0x6 src/FreeRTOS/Source/queue.o
                0x00001bc4                uxQueueMessagesWaitingFromISR
 .text.prvResetNextTaskUnblockTime
                0x00001bca       0x54 src/FreeRTOS/Source/tasks.o
 .text.prvAddCurrentTaskToDelayedList
                0x00001c1e       0xe6 src/FreeRTOS/Source/tasks.o
 .text.xTaskCreate
                0x00001d04      0x21a src/FreeRTOS/Source/tasks.o
                0x00001d04                xTaskCreate
 .text.xTaskResumeFromISR
                0x00001f1e       0x9e src/FreeRTOS/Source/tasks.o
                0x00001f1e                xTaskResumeFromISR
 .text.vTaskStartScheduler
                0x00001fbc       0x62 src/FreeRTOS/Source/tasks.o
                0x00001fbc                vTaskStartScheduler
 .text.vTaskSuspendAll
                0x0000201e        0xc src/FreeRTOS/Source/tasks.o
                0x0000201e                vTaskSuspendAll
 .text.xTaskGetTickCount
                0x0000202a       0x1c src/FreeRTOS/Source/tasks.o
                0x0000202a                xTaskGetTickCount
 .text.xTaskIncrementTick
                0x00002046      0x1aa src/FreeRTOS/Source/tasks.o
                0x00002046                xTaskIncrementTick
 .text.xTaskResumeAll
                0x000021f0       0xf6 src/FreeRTOS/Source/tasks.o
                0x000021f0                xTaskResumeAll
 .text.vTaskDelay
                0x000022e6       0x30 src/FreeRTOS/Source/tasks.o
                0x000022e6                vTaskDelay
 .text.prvIdleTask
                0x00002316       0x74 src/FreeRTOS/Source/tasks.o
 .text.vTaskSwitchContext
                0x0000238a       0xae src/FreeRTOS/Source/tasks.o
                0x0000238a                vTaskSwitchContext
 .text.vTaskPlaceOnEventList
                0x00002438       0x2e src/FreeRTOS/Source/tasks.o
                0x00002438                vTaskPlaceOnEventList
 .text.xTaskRemoveFromEventList
                0x00002466       0x84 src/FreeRTOS/Source/tasks.o
                0x00002466                xTaskRemoveFromEventList
 .text.vTaskSetTimeOutState
                0x000024ea       0x22 src/FreeRTOS/Source/tasks.o
                0x000024ea                vTaskSetTimeOutState
 .text.xTaskCheckForTimeOut
                0x0000250c       0xcc src/FreeRTOS/Source/tasks.o
                0x0000250c                xTaskCheckForTimeOut
 .text.vTaskMissedYield
                0x000025d8        0x8 src/FreeRTOS/Source/tasks.o
                0x000025d8                vTaskMissedYield
 .text.vTaskPriorityInherit
                0x000025e0       0xbc src/FreeRTOS/Source/tasks.o
                0x000025e0                vTaskPriorityInherit
 .text.xTaskPriorityDisinherit
                0x0000269c       0x80 src/FreeRTOS/Source/tasks.o
                0x0000269c                xTaskPriorityDisinherit
 .text.pvTaskIncrementMutexHeldCount
                0x0000271c       0x24 src/FreeRTOS/Source/tasks.o
                0x0000271c                pvTaskIncrementMutexHeldCount
 .text.csp_malloc
                0x00002740        0x6 src/libcsp/src/arch/freertos/csp_malloc.o
                0x00002740                csp_malloc
 .text.csp_free
                0x00002746        0x6 src/libcsp/src/arch/freertos/csp_malloc.o
                0x00002746                csp_free
 .text.csp_queue_create
                0x0000274c        0x6 src/libcsp/src/arch/freertos/csp_queue.o
                0x0000274c                csp_queue_create
 .text.csp_queue_enqueue
                0x00002752       0x10 src/libcsp/src/arch/freertos/csp_queue.o
                0x00002752                csp_queue_enqueue
 .text.csp_queue_enqueue_isr
                0x00002762        0xc src/libcsp/src/arch/freertos/csp_queue.o
                0x00002762                csp_queue_enqueue_isr
 .text.csp_queue_dequeue
                0x0000276e       0x10 src/libcsp/src/arch/freertos/csp_queue.o
                0x0000276e                csp_queue_dequeue
 .text.csp_queue_dequeue_isr
                0x0000277e        0xa src/libcsp/src/arch/freertos/csp_queue.o
                0x0000277e                csp_queue_dequeue_isr
 .text.csp_queue_size
                0x00002788        0x6 src/libcsp/src/arch/freertos/csp_queue.o
                0x00002788                csp_queue_size
 .text.csp_mutex_create
                0x0000278e       0x22 src/libcsp/src/arch/freertos/csp_semaphore.o
                0x0000278e                csp_mutex_create
 .text.csp_bin_sem_create
                0x000027b0       0x34 src/libcsp/src/arch/freertos/csp_semaphore.o
                0x000027b0                csp_bin_sem_create
 .text.csp_bin_sem_wait
                0x000027e4       0x82 src/libcsp/src/arch/freertos/csp_semaphore.o
                0x000027e4                csp_bin_sem_wait
 .text.csp_bin_sem_post
                0x00002866       0x72 src/libcsp/src/arch/freertos/csp_semaphore.o
                0x00002866                csp_bin_sem_post
 .text.csp_sys_set_color
                0x000028d8       0xac src/libcsp/src/arch/freertos/csp_system.o
                0x000028d8                csp_sys_set_color
 .text.csp_thread_create
                0x00002984       0x24 src/libcsp/src/arch/freertos/csp_thread.o
                0x00002984                csp_thread_create
 .text.csp_get_ms
                0x000029a8        0x4 src/libcsp/src/arch/freertos/csp_time.o
                0x000029a8                csp_get_ms
 .text.csp_buffer_init
                0x000029ac      0x116 src/libcsp/src/csp_buffer.o
                0x000029ac                csp_buffer_init
 .text.csp_buffer_get_isr
                0x00002ac2       0x76 src/libcsp/src/csp_buffer.o
                0x00002ac2                csp_buffer_get_isr
 .text.csp_buffer_get
                0x00002b38      0x182 src/libcsp/src/csp_buffer.o
                0x00002b38                csp_buffer_get
 .text.csp_buffer_free_isr
                0x00002cba       0x70 src/libcsp/src/csp_buffer.o
                0x00002cba                csp_buffer_free_isr
 .text.csp_buffer_free
                0x00002d2a      0x1ec src/libcsp/src/csp_buffer.o
                0x00002d2a                csp_buffer_free
 .text.csp_conn_enqueue_packet
                0x00002f16       0xae src/libcsp/src/csp_conn.o
                0x00002f16                csp_conn_enqueue_packet
 .text.csp_conn_init
                0x00002fc4      0x14c src/libcsp/src/csp_conn.o
                0x00002fc4                csp_conn_init
 .text.csp_conn_find
                0x00003110       0x88 src/libcsp/src/csp_conn.o
                0x00003110                csp_conn_find
 .text.csp_conn_flush_rx_queue
                0x00003198       0x48 src/libcsp/src/csp_conn.o
                0x00003198                csp_conn_flush_rx_queue
 .text.csp_conn_allocate
                0x000031e0      0x142 src/libcsp/src/csp_conn.o
                0x000031e0                csp_conn_allocate
 .text.csp_conn_new
                0x00003322       0x5c src/libcsp/src/csp_conn.o
                0x00003322                csp_conn_new
 .text.csp_close
                0x0000337e      0x110 src/libcsp/src/csp_conn.o
                0x0000337e                csp_close
 .text.csp_connect
                0x0000348e      0x278 src/libcsp/src/csp_conn.o
                0x0000348e                csp_connect
 .text.do_csp_debug
                0x00003706       0xaa src/libcsp/src/csp_debug.o
                0x00003706                do_csp_debug
 .text.csp_hton32
                0x000037b0       0x6a src/libcsp/src/csp_endian.o
                0x000037b0                csp_hton32
 .text.csp_ntoh32
                0x0000381a       0x6a src/libcsp/src/csp_endian.o
                0x0000381a                csp_ntoh32
 .text.csp_iflist_add
                0x00003884       0x52 src/libcsp/src/csp_iflist.o
                0x00003884                csp_iflist_add
 .text.csp_get_address
                0x000038d6        0x6 src/libcsp/src/csp_io.o
                0x000038d6                csp_get_address
 .text.csp_init
                0x000038dc       0x4e src/libcsp/src/csp_io.o
                0x000038dc                csp_init
 .text.csp_read
                0x0000392a       0x52 src/libcsp/src/csp_io.o
                0x0000392a                csp_read
 .text.csp_send_direct
                0x0000397c      0x2f6 src/libcsp/src/csp_io.o
                0x0000397c                csp_send_direct
 .text.csp_send
                0x00003c72       0xc2 src/libcsp/src/csp_io.o
                0x00003c72                csp_send
 .text.csp_transaction_persistent
                0x00003d34      0x142 src/libcsp/src/csp_io.o
                0x00003d34                csp_transaction_persistent
 .text.csp_transaction
                0x00003e76       0xa0 src/libcsp/src/csp_io.o
                0x00003e76                csp_transaction
 .text.csp_port_get_socket
                0x00003f16       0x4e src/libcsp/src/csp_port.o
                0x00003f16                csp_port_get_socket
 .text.csp_port_init
                0x00003f64       0x14 src/libcsp/src/csp_port.o
                0x00003f64                csp_port_init
 .text.csp_qfifo_init
                0x00003f78       0x30 src/libcsp/src/csp_qfifo.o
                0x00003f78                csp_qfifo_init
 .text.csp_qfifo_read
                0x00003fa8       0x24 src/libcsp/src/csp_qfifo.o
                0x00003fa8                csp_qfifo_read
 .text.csp_qfifo_write
                0x00003fcc      0x198 src/libcsp/src/csp_qfifo.o
                0x00003fcc                csp_qfifo_write
 .text.csp_route_security_check
                0x00004164       0x5c src/libcsp/src/csp_route.o
 .text.csp_route_work
                0x000041c0      0x4f8 src/libcsp/src/csp_route.o
                0x000041c0                csp_route_work
 .text.csp_task_router
                0x000046b8        0xa src/libcsp/src/csp_route.o
                0x000046b8                csp_task_router
 .text.csp_route_start_task
                0x000046c2       0x82 src/libcsp/src/csp_route.o
                0x000046c2                csp_route_start_task
 .text.csp_i2c_tx
                0x00004744       0x9c src/libcsp/src/interfaces/csp_if_i2c.o
                0x00004744                csp_i2c_tx
 .text.csp_i2c_rx
                0x000047e0       0x78 src/libcsp/src/interfaces/csp_if_i2c.o
                0x000047e0                csp_i2c_rx
 .text.csp_i2c_init
                0x00004858       0x60 src/libcsp/src/interfaces/csp_if_i2c.o
                0x00004858                csp_i2c_init
 .text.csp_lo_tx
                0x000048b8       0x4e src/libcsp/src/interfaces/csp_if_lo.o
                0x000048b8                csp_lo_tx
 .text.csp_rtable_find_iface
                0x00004906       0x40 src/libcsp/src/rtable/csp_rtable_static.o
                0x00004906                csp_rtable_find_iface
 .text.csp_rtable_find_mac
                0x00004946       0x42 src/libcsp/src/rtable/csp_rtable_static.o
                0x00004946                csp_rtable_find_mac
 .text.csp_rtable_set
                0x00004988       0x96 src/libcsp/src/rtable/csp_rtable_static.o
                0x00004988                csp_rtable_set
 .text.csp_rtable_print
                0x00004a1e       0xb6 src/libcsp/src/rtable/csp_rtable_static.o
                0x00004a1e                csp_rtable_print
 .text.csp_udp_new_packet
                0x00004ad4       0xd4 src/libcsp/src/transport/csp_udp.o
                0x00004ad4                csp_udp_new_packet
 .text.__portable_avr_delay_cycles
                0x00004ba8       0x16 src/obc/obc_task.o
 .text.led_blinky
                0x00004bbe       0x10 src/obc/obc_task.o
                0x00004bbe                led_blinky
 .text.csp_twoway_client
                0x00004bce       0xe2 src/obc/obc_task.o
                0x00004bce                csp_twoway_client
 .text.send_start
                0x00004cb0       0x12 src/util/i2c.o
                0x00004cb0                send_start
 .text.i2c_init
                0x00004cc2      0x10a src/util/i2c.o
                0x00004cc2                i2c_init
 .text.i2c_send
                0x00004dcc       0xb4 src/util/i2c.o
                0x00004dcc                i2c_send
 .text.__vector_39
                0x00004e80      0x568 src/util/i2c.o
                0x00004e80                __vector_39
 .text.uart_putchar
                0x000053e8       0x3e src/util/uart.o
                0x000053e8                uart_putchar
 .text.uart_getchar
                0x00005426      0x216 src/util/uart.o
                0x00005426                uart_getchar
 .text.uart_init
                0x0000563c       0x28 src/util/uart.o
                0x0000563c                uart_init
 .text.main     0x00005664       0xa6 src/src/main.o
                0x00005664                main
 .text.board_init
                0x0000570a        0x2 src/ASF/mega/boards/stk600/rcx_x/init.o
                0x0000570a                board_init
 .text.libgcc.div
                0x0000570c       0x26 c:/program files (x86)/atmel/studio/7.0/toolchain/avr8/avr8-gnu-toolchain/bin/../lib/gcc/avr/5.4.0/avr6\libgcc.a(_divmodhi4.o)
                0x0000570c                _div
                0x0000570c                __divmodhi4
 .text.libgcc.div
                0x00005732       0x44 c:/program files (x86)/atmel/studio/7.0/toolchain/avr8/avr8-gnu-toolchain/bin/../lib/gcc/avr/5.4.0/avr6\libgcc.a(_udivmodsi4.o)
                0x00005732                __udivmodsi4
 .text.libgcc   0x00005776       0x10 c:/program files (x86)/atmel/studio/7.0/toolchain/avr8/avr8-gnu-toolchain/bin/../lib/gcc/avr/5.4.0/avr6\libgcc.a(_tablejump2.o)
                0x00005776                __tablejump2__
 .text.libgcc.mul
                0x00005786       0x1e c:/program files (x86)/atmel/studio/7.0/toolchain/avr8/avr8-gnu-toolchain/bin/../lib/gcc/avr/5.4.0/avr6\libgcc.a(_umulhisi3.o)
                0x00005786                __umulhisi3
 .text.libgcc.div
                0x000057a4       0x28 c:/program files (x86)/atmel/studio/7.0/toolchain/avr8/avr8-gnu-toolchain/bin/../lib/gcc/avr/5.4.0/avr6\libgcc.a(_udivmodhi4.o)
                0x000057a4                __udivmodhi4
 .text.avr-libc
                0x000057cc       0xaa c:/program files (x86)/atmel/studio/7.0/toolchain/avr8/avr8-gnu-toolchain/bin/../lib/gcc/avr/5.4.0/../../../../avr/lib/avr6\libc.a(rand.o)
                0x00005858                rand_r
                0x0000585a                rand
                0x00005860                srand
 .text.avr-libc
                0x00005876       0x12 c:/program files (x86)/atmel/studio/7.0/toolchain/avr8/avr8-gnu-toolchain/bin/../lib/gcc/avr/5.4.0/../../../../avr/lib/avr6\libc.a(memcpy.o)
                0x00005876                memcpy
 .text.avr-libc
                0x00005888        0xe c:/program files (x86)/atmel/studio/7.0/toolchain/avr8/avr8-gnu-toolchain/bin/../lib/gcc/avr/5.4.0/../../../../avr/lib/avr6\libc.a(memset.o)
                0x00005888                memset
 .text.avr-libc
                0x00005896       0x16 c:/program files (x86)/atmel/studio/7.0/toolchain/avr8/avr8-gnu-toolchain/bin/../lib/gcc/avr/5.4.0/../../../../avr/lib/avr6\libc.a(strnlen.o)
                0x00005896                strnlen
 .text.avr-libc
                0x000058ac       0x84 c:/program files (x86)/atmel/studio/7.0/toolchain/avr8/avr8-gnu-toolchain/bin/../lib/gcc/avr/5.4.0/../../../../avr/lib/avr6\libc.a(fwrite.o)
                0x000058ac                fwrite
 .text.avr-libc
                0x00005930       0x4e c:/program files (x86)/atmel/studio/7.0/toolchain/avr8/avr8-gnu-toolchain/bin/../lib/gcc/avr/5.4.0/../../../../avr/lib/avr6\libc.a(printf_p.o)
                0x00005930                printf_P
 .text.avr-libc
                0x0000597e       0x1c c:/program files (x86)/atmel/studio/7.0/toolchain/avr8/avr8-gnu-toolchain/bin/../lib/gcc/avr/5.4.0/../../../../avr/lib/avr6\libc.a(vfprintf_p.o)
                0x0000597e                vfprintf_P
 .text.avr-libc
                0x0000599a      0x3fa c:/program files (x86)/atmel/studio/7.0/toolchain/avr8/avr8-gnu-toolchain/bin/../lib/gcc/avr/5.4.0/../../../../avr/lib/avr6\libc.a(vfprintf_std.o)
                0x0000599a                vfprintf
 .text.avr-libc
                0x00005d94       0x16 c:/program files (x86)/atmel/studio/7.0/toolchain/avr8/avr8-gnu-toolchain/bin/../lib/gcc/avr/5.4.0/../../../../avr/lib/avr6\libc.a(strnlen_P.o)
                0x00005d94                strnlen_P
 .text.avr-libc
                0x00005daa       0x78 c:/program files (x86)/atmel/studio/7.0/toolchain/avr8/avr8-gnu-toolchain/bin/../lib/gcc/avr/5.4.0/../../../../avr/lib/avr6\libc.a(fputc.o)
                0x00005daa                fputc
 .text.avr-libc
                0x00005e22       0xbc c:/program files (x86)/atmel/studio/7.0/toolchain/avr8/avr8-gnu-toolchain/bin/../lib/gcc/avr/5.4.0/../../../../avr/lib/avr6\libc.a(ultoa_invert.o)
                0x00005e22                __ultoa_invert
 .text.libgcc.div
                0x00005ede       0x28 c:/program files (x86)/atmel/studio/7.0/toolchain/avr8/avr8-gnu-toolchain/bin/../lib/gcc/avr/5.4.0/avr6\libgcc.a(_divmodsi4.o)
                0x00005ede                __divmodsi4
 .text.libgcc.div
                0x00005f06       0x10 c:/program files (x86)/atmel/studio/7.0/toolchain/avr8/avr8-gnu-toolchain/bin/../lib/gcc/avr/5.4.0/avr6\libgcc.a(_negsi2.o)
                0x00005f06                __negsi2
 .text.libgcc.mul
                0x00005f16       0x14 c:/program files (x86)/atmel/studio/7.0/toolchain/avr8/avr8-gnu-toolchain/bin/../lib/gcc/avr/5.4.0/avr6\libgcc.a(_muluhisi3.o)
                0x00005f16                __muluhisi3
 .text.libgcc.mul
                0x00005f2a        0xc c:/program files (x86)/atmel/studio/7.0/toolchain/avr8/avr8-gnu-toolchain/bin/../lib/gcc/avr/5.4.0/avr6\libgcc.a(_mulshisi3.o)
                0x00005f2a                __mulshisi3
                0x00005f2e                __mulohisi3
                0x00005f36                . = ALIGN (0x2)
 *(.fini9)
 .fini9         0x00005f36        0x0 c:/program files (x86)/atmel/studio/7.0/toolchain/avr8/avr8-gnu-toolchain/bin/../lib/gcc/avr/5.4.0/avr6\libgcc.a(_exit.o)
                0x00005f36                _exit
                0x00005f36                exit
 *(.fini9)
 *(.fini8)
 *(.fini8)
 *(.fini7)
 *(.fini7)
 *(.fini6)
 *(.fini6)
 *(.fini5)
 *(.fini5)
 *(.fini4)
 *(.fini4)
 *(.fini3)
 *(.fini3)
 *(.fini2)
 *(.fini2)
 *(.fini1)
 *(.fini1)
 *(.fini0)
 .fini0         0x00005f36        0x4 c:/program files (x86)/atmel/studio/7.0/toolchain/avr8/avr8-gnu-toolchain/bin/../lib/gcc/avr/5.4.0/avr6\libgcc.a(_exit.o)
 *(.fini0)
                0x00005f3a                _etext = .

.data           0x00800200      0x208 load address 0x00005f3a
                0x00800200                PROVIDE (__data_start, .)
 *(.data)
 .data          0x00800200        0x4 c:/program files (x86)/atmel/studio/7.0/toolchain/avr8/avr8-gnu-toolchain/bin/../lib/gcc/avr/5.4.0/../../../../avr/lib/avr6\libc.a(rand.o)
 *(.data*)
 .data.csp_debug_level_enabled
                0x00800204        0x7 src/libcsp/src/csp_debug.o
                0x00800204                csp_debug_level_enabled
 .data.csp_if_i2c
                0x0080020b       0x33 src/libcsp/src/interfaces/csp_if_i2c.o
                0x0080020b                csp_if_i2c
 .data.csp_if_lo
                0x0080023e       0x33 src/libcsp/src/interfaces/csp_if_lo.o
                0x0080023e                csp_if_lo
 .data.usart0_str
                0x00800271        0xe src/util/uart.o
 *(.gnu.linkonce.d*)
 *(.rodata)
 *(.rodata*)
 .rodata.str1.1
                0x0080027f        0x5 src/FreeRTOS/Source/tasks.o
 .rodata.str1.1
                0x00800284       0x30 src/libcsp/src/arch/freertos/csp_semaphore.o
 .rodata.str1.1
                0x008002b4       0x1f src/libcsp/src/csp_buffer.o
 .rodata.str1.1
                0x008002d3       0x1d src/libcsp/src/csp_conn.o
 .rodata.str1.1
                0x008002f0       0x2c src/libcsp/src/csp_io.o
 .rodata.str1.1
                0x0080031c       0x1e src/libcsp/src/csp_qfifo.o
 .rodata.str1.1
                0x0080033a       0x22 src/libcsp/src/csp_route.o
 .rodata.str1.1
                0x0080035c        0x4 src/libcsp/src/interfaces/csp_if_i2c.o
 .rodata.str1.1
                0x00800360        0x5 src/libcsp/src/interfaces/csp_if_lo.o
 .rodata.str1.1
                0x00800365       0x2d src/libcsp/src/rtable/csp_rtable_static.o
 .rodata.str1.1
                0x00800392       0x26 src/libcsp/src/transport/csp_udp.o
 .rodata.str1.1
                0x008003b8       0x1a src/obc/obc_task.o
 .rodata.str1.1
                0x008003d2        0x8 src/util/uart.o
 .rodata.str1.1
                0x008003da       0x2d src/src/main.o
 *(.gnu.linkonce.r*)
                0x00800408                . = ALIGN (0x2)
 *fill*         0x00800407        0x1 
                0x00800408                _edata = .
                0x00800408                PROVIDE (__data_end, .)

.bss            0x00800408     0x1c3c
                0x00800408                PROVIDE (__bss_start, .)
 *(.bss)
 *(.bss*)
 .bss.xBlockAllocatedBit
                0x00800408        0x2 src/FreeRTOS/Source/portable/MemMang/heap_4.o
 .bss.xMinimumEverFreeBytesRemaining
                0x0080040a        0x2 src/FreeRTOS/Source/portable/MemMang/heap_4.o
 .bss.xFreeBytesRemaining
                0x0080040c        0x2 src/FreeRTOS/Source/portable/MemMang/heap_4.o
 .bss.pxEnd     0x0080040e        0x2 src/FreeRTOS/Source/portable/MemMang/heap_4.o
 .bss.xStart    0x00800410        0x4 src/FreeRTOS/Source/portable/MemMang/heap_4.o
 .bss.ucHeap    0x00800414     0x1964 src/FreeRTOS/Source/portable/MemMang/heap_4.o
 .bss.uxSchedulerSuspended
                0x00801d78        0x1 src/FreeRTOS/Source/tasks.o
 .bss.xIdleTaskHandle
                0x00801d79        0x2 src/FreeRTOS/Source/tasks.o
 .bss.xNextTaskUnblockTime
                0x00801d7b        0x4 src/FreeRTOS/Source/tasks.o
 .bss.uxTaskNumber
                0x00801d7f        0x1 src/FreeRTOS/Source/tasks.o
 .bss.xNumOfOverflows
                0x00801d80        0x1 src/FreeRTOS/Source/tasks.o
 .bss.xYieldPending
                0x00801d81        0x1 src/FreeRTOS/Source/tasks.o
 .bss.uxPendedTicks
                0x00801d82        0x1 src/FreeRTOS/Source/tasks.o
 .bss.xSchedulerRunning
                0x00801d83        0x1 src/FreeRTOS/Source/tasks.o
 .bss.uxTopReadyPriority
                0x00801d84        0x1 src/FreeRTOS/Source/tasks.o
 .bss.xTickCount
                0x00801d85        0x4 src/FreeRTOS/Source/tasks.o
 .bss.uxCurrentNumberOfTasks
                0x00801d89        0x1 src/FreeRTOS/Source/tasks.o
 .bss.xSuspendedTaskList
                0x00801d8a        0xb src/FreeRTOS/Source/tasks.o
 .bss.uxDeletedTasksWaitingCleanUp
                0x00801d95        0x1 src/FreeRTOS/Source/tasks.o
 .bss.xTasksWaitingTermination
                0x00801d96        0xb src/FreeRTOS/Source/tasks.o
 .bss.xPendingReadyList
                0x00801da1        0xb src/FreeRTOS/Source/tasks.o
 .bss.pxOverflowDelayedTaskList
                0x00801dac        0x2 src/FreeRTOS/Source/tasks.o
 .bss.pxDelayedTaskList
                0x00801dae        0x2 src/FreeRTOS/Source/tasks.o
 .bss.xDelayedTaskList2
                0x00801db0        0xb src/FreeRTOS/Source/tasks.o
 .bss.xDelayedTaskList1
                0x00801dbb        0xb src/FreeRTOS/Source/tasks.o
 .bss.pxReadyTasksLists
                0x00801dc6       0x37 src/FreeRTOS/Source/tasks.o
 .bss.pxCurrentTCB
                0x00801dfd        0x2 src/FreeRTOS/Source/tasks.o
                0x00801dfd                pxCurrentTCB
 .bss.size      0x00801dff        0x2 src/libcsp/src/csp_buffer.o
 .bss.count     0x00801e01        0x2 src/libcsp/src/csp_buffer.o
 .bss.csp_buffer_pool
                0x00801e03        0x2 src/libcsp/src/csp_buffer.o
 .bss.csp_buffers
                0x00801e05        0x2 src/libcsp/src/csp_buffer.o
 .bss.csp_conn_last_given.3225
                0x00801e07        0x1 src/libcsp/src/csp_conn.o
 .bss.sport_lock
                0x00801e08        0x2 src/libcsp/src/csp_conn.o
 .bss.sport     0x00801e0a        0x1 src/libcsp/src/csp_conn.o
 .bss.conn_lock
                0x00801e0b        0x2 src/libcsp/src/csp_conn.o
 .bss.arr_conn  0x00801e0d       0xf0 src/libcsp/src/csp_conn.o
 .bss.csp_debug_hook_func
                0x00801efd        0x2 src/libcsp/src/csp_debug.o
                0x00801efd                csp_debug_hook_func
 .bss.interfaces
                0x00801eff        0x2 src/libcsp/src/csp_iflist.o
 .bss.csp_my_address
                0x00801f01        0x1 src/libcsp/src/csp_io.o
 .bss.ports     0x00801f02       0x63 src/libcsp/src/csp_port.o
 .bss.qfifo     0x00801f65        0x2 src/libcsp/src/csp_qfifo.o
 .bss.handle_router.3087
                0x00801f67        0x2 src/libcsp/src/csp_route.o
 .bss.packet.2416
                0x00801f69        0x2 src/libcsp/src/interfaces/csp_if_i2c.o
 .bss.csp_i2c_handle
                0x00801f6b        0x2 src/libcsp/src/interfaces/csp_if_i2c.o
 .bss.routes    0x00801f6d       0x63 src/libcsp/src/rtable/csp_rtable_static.o
 .bss.flag2.3117
                0x00801fd0        0x1 src/util/i2c.o
 .bss.flag.3116
                0x00801fd1        0x1 src/util/i2c.o
 .bss.xTaskWoken.3115
                0x00801fd2        0x1 src/util/i2c.o
 .bss.i2c_busy  0x00801fd3        0x2 src/util/i2c.o
 .bss.i2c_addr  0x00801fd5        0x1 src/util/i2c.o
 .bss.i2c_speed
                0x00801fd6        0x2 src/util/i2c.o
 .bss.device_mode
                0x00801fd8        0x2 src/util/i2c.o
 .bss.rx_cnt    0x00801fda        0x2 src/util/i2c.o
 .bss.tx_cnt    0x00801fdc        0x2 src/util/i2c.o
 .bss.rx_callback
                0x00801fde        0x2 src/util/i2c.o
 .bss.rx_queue  0x00801fe0        0x2 src/util/i2c.o
 .bss.tx_queue  0x00801fe2        0x2 src/util/i2c.o
 .bss.tx_frame  0x00801fe4        0x2 src/util/i2c.o
 .bss.rx_frame  0x00801fe6        0x2 src/util/i2c.o
 .bss.i2cflag   0x00801fe8        0x2 src/util/i2c.o
                0x00801fe8                i2cflag
 .bss.b.2117    0x00801fea       0x50 src/util/uart.o
 .bss.rxp.2118  0x0080203a        0x2 src/util/uart.o
 *(COMMON)
 COMMON         0x0080203c        0x2 src/obc/obc_task.o
                0x0080203c                I2C_task
 COMMON         0x0080203e        0x6 c:/program files (x86)/atmel/studio/7.0/toolchain/avr8/avr8-gnu-toolchain/bin/../lib/gcc/avr/5.4.0/../../../../avr/lib/avr6\libc.a(iob.o)
                0x0080203e                __iob
                0x00802044                PROVIDE (__bss_end, .)
                0x00005f3a                __data_load_start = LOADADDR (.data)
                0x00006142                __data_load_end = (__data_load_start + SIZEOF (.data))

.noinit         0x00802044        0x0
                [!provide]                PROVIDE (__noinit_start, .)
 *(.noinit*)
                [!provide]                PROVIDE (__noinit_end, .)
                0x00802044                _end = .
                [!provide]                PROVIDE (__heap_start, .)

.eeprom         0x00810000        0x0
 *(.eeprom*)
                0x00810000                __eeprom_end = .

.fuse
 *(.fuse)
 *(.lfuse)
 *(.hfuse)
 *(.efuse)

.lock
 *(.lock*)

.signature
 *(.signature*)

.user_signatures
 *(.user_signatures*)

.stab
 *(.stab)

.stabstr
 *(.stabstr)

.stab.excl
 *(.stab.excl)

.stab.exclstr
 *(.stab.exclstr)

.stab.index
 *(.stab.index)

.stab.indexstr
 *(.stab.indexstr)

.comment        0x00000000       0x5c
 *(.comment)
 .comment       0x00000000       0x30 src/FreeRTOS/Source/list.o
                                 0x31 (size before relaxing)
 .comment       0x00000030       0x31 src/FreeRTOS/Source/portable/MemMang/heap_4.o
 .comment       0x00000030       0x31 src/FreeRTOS/Source/portable/WinAVR/ATmega2560/port.o
 .comment       0x00000030       0x31 src/FreeRTOS/Source/queue.o
 .comment       0x00000030       0x31 src/FreeRTOS/Source/tasks.o
 .comment       0x00000030       0x31 src/libcsp/src/arch/freertos/csp_malloc.o
 .comment       0x00000030       0x31 src/libcsp/src/arch/freertos/csp_queue.o
 .comment       0x00000030       0x31 src/libcsp/src/arch/freertos/csp_semaphore.o
 .comment       0x00000030       0x31 src/libcsp/src/arch/freertos/csp_system.o
 .comment       0x00000030       0x31 src/libcsp/src/arch/freertos/csp_thread.o
 .comment       0x00000030       0x31 src/libcsp/src/arch/freertos/csp_time.o
 .comment       0x00000030       0x31 src/libcsp/src/csp_buffer.o
 .comment       0x00000030       0x31 src/libcsp/src/csp_conn.o
 .comment       0x00000030       0x31 src/libcsp/src/csp_debug.o
 .comment       0x00000030       0x31 src/libcsp/src/csp_endian.o
 .comment       0x00000030       0x31 src/libcsp/src/csp_iflist.o
 .comment       0x00000030       0x31 src/libcsp/src/csp_io.o
 .comment       0x00000030       0x31 src/libcsp/src/csp_port.o
 .comment       0x00000030       0x31 src/libcsp/src/csp_qfifo.o
 .comment       0x00000030       0x31 src/libcsp/src/csp_route.o
 .comment       0x00000030       0x31 src/libcsp/src/interfaces/csp_if_i2c.o
 .comment       0x00000030       0x31 src/libcsp/src/interfaces/csp_if_lo.o
 .comment       0x00000030       0x31 src/libcsp/src/rtable/csp_rtable_static.o
 .comment       0x00000030       0x31 src/libcsp/src/transport/csp_udp.o
 .comment       0x00000030       0x31 src/obc/obc_task.o
 .comment       0x00000030       0x31 src/util/i2c.o
 .comment       0x00000030       0x31 src/util/uart.o
 .comment       0x00000030       0x31 src/src/main.o
 .comment       0x00000030       0x31 src/ASF/mega/boards/stk600/rcx_x/init.o
 .comment       0x00000030       0x31 c:/program files (x86)/atmel/studio/7.0/toolchain/avr8/avr8-gnu-toolchain/bin/../lib/gcc/avr/5.4.0/../../../../avr/lib/avr6\libc.a(rand.o)
 .comment       0x00000030       0x31 c:/program files (x86)/atmel/studio/7.0/toolchain/avr8/avr8-gnu-toolchain/bin/../lib/gcc/avr/5.4.0/../../../../avr/lib/avr6\libc.a(fwrite.o)
 .comment       0x00000030       0x31 c:/program files (x86)/atmel/studio/7.0/toolchain/avr8/avr8-gnu-toolchain/bin/../lib/gcc/avr/5.4.0/../../../../avr/lib/avr6\libc.a(iob.o)
 .comment       0x00000030       0x31 c:/program files (x86)/atmel/studio/7.0/toolchain/avr8/avr8-gnu-toolchain/bin/../lib/gcc/avr/5.4.0/../../../../avr/lib/avr6\libc.a(printf_p.o)
 .comment       0x00000030       0x31 c:/program files (x86)/atmel/studio/7.0/toolchain/avr8/avr8-gnu-toolchain/bin/../lib/gcc/avr/5.4.0/../../../../avr/lib/avr6\libc.a(vfprintf_p.o)
 .comment       0x00000030       0x2c c:/program files (x86)/atmel/studio/7.0/toolchain/avr8/avr8-gnu-toolchain/bin/../lib/gcc/avr/5.4.0/../../../../avr/lib/avr6\libc.a(vfprintf_std.o)
                                 0x2d (size before relaxing)
 .comment       0x0000005c       0x31 c:/program files (x86)/atmel/studio/7.0/toolchain/avr8/avr8-gnu-toolchain/bin/../lib/gcc/avr/5.4.0/../../../../avr/lib/avr6\libc.a(fputc.o)

.note.gnu.avr.deviceinfo
                0x00000000       0x40
 .note.gnu.avr.deviceinfo
                0x00000000       0x40 C:/Program Files (x86)/Atmel/Studio/7.0/Packs/atmel/ATmega_DFP/1.3.300/gcc/dev/atmega2560/avr6/crtatmega2560.o

.note.gnu.build-id
 *(.note.gnu.build-id)

.debug
 *(.debug)

.line
 *(.line)

.debug_srcinfo
 *(.debug_srcinfo)

.debug_sfnames
 *(.debug_sfnames)

.debug_aranges  0x00000000      0xa40
 *(.debug_aranges)
 .debug_aranges
                0x00000000       0x40 src/FreeRTOS/Source/list.o
 .debug_aranges
                0x00000040       0x48 src/FreeRTOS/Source/portable/MemMang/heap_4.o
 .debug_aranges
                0x00000088       0x48 src/FreeRTOS/Source/portable/WinAVR/ATmega2560/port.o
 .debug_aranges
                0x000000d0       0xf8 src/FreeRTOS/Source/queue.o
 .debug_aranges
                0x000001c8      0x190 src/FreeRTOS/Source/tasks.o
 .debug_aranges
                0x00000358       0x28 src/libcsp/src/arch/freertos/csp_malloc.o
 .debug_aranges
                0x00000380       0x58 src/libcsp/src/arch/freertos/csp_queue.o
 .debug_aranges
                0x000003d8       0x60 src/libcsp/src/arch/freertos/csp_semaphore.o
 .debug_aranges
                0x00000438       0x48 src/libcsp/src/arch/freertos/csp_system.o
 .debug_aranges
                0x00000480       0x20 src/libcsp/src/arch/freertos/csp_thread.o
 .debug_aranges
                0x000004a0       0x38 src/libcsp/src/arch/freertos/csp_time.o
 .debug_aranges
                0x000004d8       0x58 src/libcsp/src/csp_buffer.o
 .debug_aranges
                0x00000530       0xb0 src/libcsp/src/csp_conn.o
 .debug_aranges
                0x000005e0       0x40 src/libcsp/src/csp_debug.o
 .debug_aranges
                0x00000620       0xc8 src/libcsp/src/csp_endian.o
 .debug_aranges
                0x000006e8       0x38 src/libcsp/src/csp_iflist.o
 .debug_aranges
                0x00000720       0xb8 src/libcsp/src/csp_io.o
 .debug_aranges
                0x000007d8       0x38 src/libcsp/src/csp_port.o
 .debug_aranges
                0x00000810       0x30 src/libcsp/src/csp_qfifo.o
 .debug_aranges
                0x00000840       0x38 src/libcsp/src/csp_route.o
 .debug_aranges
                0x00000878       0x30 src/libcsp/src/interfaces/csp_if_i2c.o
 .debug_aranges
                0x000008a8       0x20 src/libcsp/src/interfaces/csp_if_lo.o
 .debug_aranges
                0x000008c8       0x50 src/libcsp/src/rtable/csp_rtable_static.o
 .debug_aranges
                0x00000918       0x20 src/libcsp/src/transport/csp_udp.o
 .debug_aranges
                0x00000938       0x30 src/obc/obc_task.o
 .debug_aranges
                0x00000968       0x68 src/util/i2c.o
 .debug_aranges
                0x000009d0       0x30 src/util/uart.o
 .debug_aranges
                0x00000a00       0x20 src/src/main.o
 .debug_aranges
                0x00000a20       0x20 src/ASF/mega/boards/stk600/rcx_x/init.o

.debug_pubnames
 *(.debug_pubnames)

.debug_info     0x00000000     0xceba
 *(.debug_info .gnu.linkonce.wi.*)
 .debug_info    0x00000000      0xbbc C:/Program Files (x86)/Atmel/Studio/7.0/Packs/atmel/ATmega_DFP/1.3.300/gcc/dev/atmega2560/avr6/crtatmega2560.o
 .debug_info    0x00000bbc      0x2ca src/FreeRTOS/Source/list.o
 .debug_info    0x00000e86      0x39f src/FreeRTOS/Source/portable/MemMang/heap_4.o
 .debug_info    0x00001225      0x258 src/FreeRTOS/Source/portable/WinAVR/ATmega2560/port.o
 .debug_info    0x0000147d     0x1729 src/FreeRTOS/Source/queue.o
 .debug_info    0x00002ba6     0x2360 src/FreeRTOS/Source/tasks.o
 .debug_info    0x00004f06      0x114 src/libcsp/src/arch/freertos/csp_malloc.o
 .debug_info    0x0000501a      0x443 src/libcsp/src/arch/freertos/csp_queue.o
 .debug_info    0x0000545d      0x400 src/libcsp/src/arch/freertos/csp_semaphore.o
 .debug_info    0x0000585d      0x325 src/libcsp/src/arch/freertos/csp_system.o
 .debug_info    0x00005b82      0x1a3 src/libcsp/src/arch/freertos/csp_thread.o
 .debug_info    0x00005d25      0x142 src/libcsp/src/arch/freertos/csp_time.o
 .debug_info    0x00005e67      0x793 src/libcsp/src/csp_buffer.o
 .debug_info    0x000065fa      0xa90 src/libcsp/src/csp_conn.o
 .debug_info    0x0000708a      0x432 src/libcsp/src/csp_debug.o
 .debug_info    0x000074bc      0x625 src/libcsp/src/csp_endian.o
 .debug_info    0x00007ae1      0x50c src/libcsp/src/csp_iflist.o
 .debug_info    0x00007fed      0xe8f src/libcsp/src/csp_io.o
 .debug_info    0x00008e7c      0x450 src/libcsp/src/csp_port.o
 .debug_info    0x000092cc      0x627 src/libcsp/src/csp_qfifo.o
 .debug_info    0x000098f3      0x9ab src/libcsp/src/csp_route.o
 .debug_info    0x0000a29e      0x60d src/libcsp/src/interfaces/csp_if_i2c.o
 .debug_info    0x0000a8ab      0x3e4 src/libcsp/src/interfaces/csp_if_lo.o
 .debug_info    0x0000ac8f      0x571 src/libcsp/src/rtable/csp_rtable_static.o
 .debug_info    0x0000b200      0x462 src/libcsp/src/transport/csp_udp.o
 .debug_info    0x0000b662      0x41f src/obc/obc_task.o
 .debug_info    0x0000ba81      0x9f8 src/util/i2c.o
 .debug_info    0x0000c479      0x445 src/util/uart.o
 .debug_info    0x0000c8be      0x584 src/src/main.o
 .debug_info    0x0000ce42       0x78 src/ASF/mega/boards/stk600/rcx_x/init.o

.debug_abbrev   0x00000000     0x3fc7
 *(.debug_abbrev)
 .debug_abbrev  0x00000000      0xb1a C:/Program Files (x86)/Atmel/Studio/7.0/Packs/atmel/ATmega_DFP/1.3.300/gcc/dev/atmega2560/avr6/crtatmega2560.o
 .debug_abbrev  0x00000b1a       0xf8 src/FreeRTOS/Source/list.o
 .debug_abbrev  0x00000c12      0x1f6 src/FreeRTOS/Source/portable/MemMang/heap_4.o
 .debug_abbrev  0x00000e08      0x155 src/FreeRTOS/Source/portable/WinAVR/ATmega2560/port.o
 .debug_abbrev  0x00000f5d      0x270 src/FreeRTOS/Source/queue.o
 .debug_abbrev  0x000011cd      0x34a src/FreeRTOS/Source/tasks.o
 .debug_abbrev  0x00001517       0xbd src/libcsp/src/arch/freertos/csp_malloc.o
 .debug_abbrev  0x000015d4       0xe2 src/libcsp/src/arch/freertos/csp_queue.o
 .debug_abbrev  0x000016b6      0x163 src/libcsp/src/arch/freertos/csp_semaphore.o
 .debug_abbrev  0x00001819      0x1a8 src/libcsp/src/arch/freertos/csp_system.o
 .debug_abbrev  0x000019c1       0xc3 src/libcsp/src/arch/freertos/csp_thread.o
 .debug_abbrev  0x00001a84       0x72 src/libcsp/src/arch/freertos/csp_time.o
 .debug_abbrev  0x00001af6      0x249 src/libcsp/src/csp_buffer.o
 .debug_abbrev  0x00001d3f      0x37f src/libcsp/src/csp_conn.o
 .debug_abbrev  0x000020be      0x20c src/libcsp/src/csp_debug.o
 .debug_abbrev  0x000022ca      0x168 src/libcsp/src/csp_endian.o
 .debug_abbrev  0x00002432      0x226 src/libcsp/src/csp_iflist.o
 .debug_abbrev  0x00002658      0x36c src/libcsp/src/csp_io.o
 .debug_abbrev  0x000029c4      0x1e3 src/libcsp/src/csp_port.o
 .debug_abbrev  0x00002ba7      0x1e8 src/libcsp/src/csp_qfifo.o
 .debug_abbrev  0x00002d8f      0x2d1 src/libcsp/src/csp_route.o
 .debug_abbrev  0x00003060      0x1da src/libcsp/src/interfaces/csp_if_i2c.o
 .debug_abbrev  0x0000323a      0x193 src/libcsp/src/interfaces/csp_if_lo.o
 .debug_abbrev  0x000033cd      0x258 src/libcsp/src/rtable/csp_rtable_static.o
 .debug_abbrev  0x00003625      0x18a src/libcsp/src/transport/csp_udp.o
 .debug_abbrev  0x000037af      0x250 src/obc/obc_task.o
 .debug_abbrev  0x000039ff      0x232 src/util/i2c.o
 .debug_abbrev  0x00003c31      0x193 src/util/uart.o
 .debug_abbrev  0x00003dc4      0x1bf src/src/main.o
 .debug_abbrev  0x00003f83       0x44 src/ASF/mega/boards/stk600/rcx_x/init.o

.debug_line     0x00000000     0x7212
 *(.debug_line .debug_line.* .debug_line_end)
 .debug_line    0x00000000      0x1f9 C:/Program Files (x86)/Atmel/Studio/7.0/Packs/atmel/ATmega_DFP/1.3.300/gcc/dev/atmega2560/avr6/crtatmega2560.o
 .debug_line    0x000001f9      0x22e src/FreeRTOS/Source/list.o
 .debug_line    0x00000427      0x345 src/FreeRTOS/Source/portable/MemMang/heap_4.o
 .debug_line    0x0000076c      0x2ec src/FreeRTOS/Source/portable/WinAVR/ATmega2560/port.o
 .debug_line    0x00000a58      0xb97 src/FreeRTOS/Source/queue.o
 .debug_line    0x000015ef     0x13c3 src/FreeRTOS/Source/tasks.o
 .debug_line    0x000029b2      0x119 src/libcsp/src/arch/freertos/csp_malloc.o
 .debug_line    0x00002acb      0x28e src/libcsp/src/arch/freertos/csp_queue.o
 .debug_line    0x00002d59      0x2e3 src/libcsp/src/arch/freertos/csp_semaphore.o
 .debug_line    0x0000303c      0x2c9 src/libcsp/src/arch/freertos/csp_system.o
 .debug_line    0x00003305       0xff src/libcsp/src/arch/freertos/csp_thread.o
 .debug_line    0x00003404      0x184 src/libcsp/src/arch/freertos/csp_time.o
 .debug_line    0x00003588      0x4c2 src/libcsp/src/csp_buffer.o
 .debug_line    0x00003a4a      0x7ce src/libcsp/src/csp_conn.o
 .debug_line    0x00004218      0x2a4 src/libcsp/src/csp_debug.o
 .debug_line    0x000044bc      0x2f3 src/libcsp/src/csp_endian.o
 .debug_line    0x000047af      0x1f7 src/libcsp/src/csp_iflist.o
 .debug_line    0x000049a6      0x7d0 src/libcsp/src/csp_io.o
 .debug_line    0x00005176      0x2fe src/libcsp/src/csp_port.o
 .debug_line    0x00005474      0x27f src/libcsp/src/csp_qfifo.o
 .debug_line    0x000056f3      0x4b5 src/libcsp/src/csp_route.o
 .debug_line    0x00005ba8      0x214 src/libcsp/src/interfaces/csp_if_i2c.o
 .debug_line    0x00005dbc      0x12b src/libcsp/src/interfaces/csp_if_lo.o
 .debug_line    0x00005ee7      0x255 src/libcsp/src/rtable/csp_rtable_static.o
 .debug_line    0x0000613c      0x204 src/libcsp/src/transport/csp_udp.o
 .debug_line    0x00006340      0x281 src/obc/obc_task.o
 .debug_line    0x000065c1      0x728 src/util/i2c.o
 .debug_line    0x00006ce9      0x286 src/util/uart.o
 .debug_line    0x00006f6f      0x24b src/src/main.o
 .debug_line    0x000071ba       0x58 src/ASF/mega/boards/stk600/rcx_x/init.o

.debug_frame    0x00000000     0x27ec
 *(.debug_frame)
 .debug_frame   0x00000000       0x90 src/FreeRTOS/Source/list.o
 .debug_frame   0x00000090       0xb4 src/FreeRTOS/Source/portable/MemMang/heap_4.o
 .debug_frame   0x00000144       0x74 src/FreeRTOS/Source/portable/WinAVR/ATmega2560/port.o
 .debug_frame   0x000001b8      0x3b0 src/FreeRTOS/Source/queue.o
 .debug_frame   0x00000568      0x6c0 src/FreeRTOS/Source/tasks.o
 .debug_frame   0x00000c28       0x34 src/libcsp/src/arch/freertos/csp_malloc.o
 .debug_frame   0x00000c5c       0xa4 src/libcsp/src/arch/freertos/csp_queue.o
 .debug_frame   0x00000d00      0x174 src/libcsp/src/arch/freertos/csp_semaphore.o
 .debug_frame   0x00000e74      0x108 src/libcsp/src/arch/freertos/csp_system.o
 .debug_frame   0x00000f7c       0x34 src/libcsp/src/arch/freertos/csp_thread.o
 .debug_frame   0x00000fb0       0x54 src/libcsp/src/arch/freertos/csp_time.o
 .debug_frame   0x00001004      0x14c src/libcsp/src/csp_buffer.o
 .debug_frame   0x00001150      0x470 src/libcsp/src/csp_conn.o
 .debug_frame   0x000015c0       0x9c src/libcsp/src/csp_debug.o
 .debug_frame   0x0000165c      0x3c4 src/libcsp/src/csp_endian.o
 .debug_frame   0x00001a20       0xdc src/libcsp/src/csp_iflist.o
 .debug_frame   0x00001afc      0x554 src/libcsp/src/csp_io.o
 .debug_frame   0x00002050      0x100 src/libcsp/src/csp_port.o
 .debug_frame   0x00002150       0x74 src/libcsp/src/csp_qfifo.o
 .debug_frame   0x000021c4       0xfc src/libcsp/src/csp_route.o
 .debug_frame   0x000022c0       0x98 src/libcsp/src/interfaces/csp_if_i2c.o
 .debug_frame   0x00002358       0x38 src/libcsp/src/interfaces/csp_if_lo.o
 .debug_frame   0x00002390      0x114 src/libcsp/src/rtable/csp_rtable_static.o
 .debug_frame   0x000024a4       0x40 src/libcsp/src/transport/csp_udp.o
 .debug_frame   0x000024e4       0x58 src/obc/obc_task.o
 .debug_frame   0x0000253c      0x1bc src/util/i2c.o
 .debug_frame   0x000026f8       0x94 src/util/uart.o
 .debug_frame   0x0000278c       0x3c src/src/main.o
 .debug_frame   0x000027c8       0x24 src/ASF/mega/boards/stk600/rcx_x/init.o

.debug_str      0x00000000     0x315e
 *(.debug_str)
 .debug_str     0x00000000      0x3e6 C:/Program Files (x86)/Atmel/Studio/7.0/Packs/atmel/ATmega_DFP/1.3.300/gcc/dev/atmega2560/avr6/crtatmega2560.o
 .debug_str     0x000003e6      0x296 src/FreeRTOS/Source/list.o
                                0x2d5 (size before relaxing)
 .debug_str     0x0000067c      0x212 src/FreeRTOS/Source/portable/MemMang/heap_4.o
                                0x39a (size before relaxing)
 .debug_str     0x0000088e      0x146 src/FreeRTOS/Source/portable/WinAVR/ATmega2560/port.o
                                0x2e1 (size before relaxing)
 .debug_str     0x000009d4      0x629 src/FreeRTOS/Source/queue.o
                                0x901 (size before relaxing)
 .debug_str     0x00000ffd      0xa36 src/FreeRTOS/Source/tasks.o
                                0xf37 (size before relaxing)
 .debug_str     0x00001a33       0x41 src/libcsp/src/arch/freertos/csp_malloc.o
                                0x1d3 (size before relaxing)
 .debug_str     0x00001a74       0xf6 src/libcsp/src/arch/freertos/csp_queue.o
                                0x357 (size before relaxing)
 .debug_str     0x00001b6a      0x168 src/libcsp/src/arch/freertos/csp_semaphore.o
                                0x379 (size before relaxing)
 .debug_str     0x00001cd2      0x1a5 src/libcsp/src/arch/freertos/csp_system.o
                                0x3c4 (size before relaxing)
 .debug_str     0x00001e77       0x9a src/libcsp/src/arch/freertos/csp_thread.o
                                0x239 (size before relaxing)
 .debug_str     0x00001f11       0x5d src/libcsp/src/arch/freertos/csp_time.o
                                0x210 (size before relaxing)
 .debug_str     0x00001f6e      0x19e src/libcsp/src/csp_buffer.o
                                0x479 (size before relaxing)
 .debug_str     0x0000210c      0x243 src/libcsp/src/csp_conn.o
                                0x5b2 (size before relaxing)
 .debug_str     0x0000234f      0x103 src/libcsp/src/csp_debug.o
                                0x3d6 (size before relaxing)
 .debug_str     0x00002452      0x137 src/libcsp/src/csp_endian.o
                                0x2db (size before relaxing)
 .debug_str     0x00002589      0x101 src/libcsp/src/csp_iflist.o
                                0x304 (size before relaxing)
 .debug_str     0x0000268a      0x212 src/libcsp/src/csp_io.o
                                0x668 (size before relaxing)
 .debug_str     0x0000289c       0xff src/libcsp/src/csp_port.o
                                0x40a (size before relaxing)
 .debug_str     0x0000299b       0x80 src/libcsp/src/csp_qfifo.o
                                0x404 (size before relaxing)
 .debug_str     0x00002a1b      0x1fb src/libcsp/src/csp_route.o
                                0x6a8 (size before relaxing)
 .debug_str     0x00002c16       0xad src/libcsp/src/interfaces/csp_if_i2c.o
                                0x39c (size before relaxing)
 .debug_str     0x00002cc3       0x33 src/libcsp/src/interfaces/csp_if_lo.o
                                0x2e0 (size before relaxing)
 .debug_str     0x00002cf6       0xd4 src/libcsp/src/rtable/csp_rtable_static.o
                                0x3d6 (size before relaxing)
 .debug_str     0x00002dca       0x26 src/libcsp/src/transport/csp_udp.o
                                0x3bc (size before relaxing)
 .debug_str     0x00002df0      0x1a9 src/obc/obc_task.o
                                0x379 (size before relaxing)
 .debug_str     0x00002f99      0x108 src/util/i2c.o
                                0x580 (size before relaxing)
 .debug_str     0x000030a1       0x5f src/util/uart.o
                                0x20f (size before relaxing)
 .debug_str     0x00003100       0x33 src/src/main.o
                                0x365 (size before relaxing)
 .debug_str     0x00003133       0x2b src/ASF/mega/boards/stk600/rcx_x/init.o
                                0x19c (size before relaxing)

.debug_loc      0x00000000     0xbcb0
 *(.debug_loc)
 .debug_loc     0x00000000      0x17d src/FreeRTOS/Source/list.o
 .debug_loc     0x0000017d      0x394 src/FreeRTOS/Source/portable/MemMang/heap_4.o
 .debug_loc     0x00000511      0x2d3 src/FreeRTOS/Source/portable/WinAVR/ATmega2560/port.o
 .debug_loc     0x000007e4     0x1e26 src/FreeRTOS/Source/queue.o
 .debug_loc     0x0000260a     0x2c39 src/FreeRTOS/Source/tasks.o
 .debug_loc     0x00005243       0x4c src/libcsp/src/arch/freertos/csp_malloc.o
 .debug_loc     0x0000528f      0x2d6 src/libcsp/src/arch/freertos/csp_queue.o
 .debug_loc     0x00005565      0x474 src/libcsp/src/arch/freertos/csp_semaphore.o
 .debug_loc     0x000059d9      0x49f src/libcsp/src/arch/freertos/csp_system.o
 .debug_loc     0x00005e78      0x133 src/libcsp/src/arch/freertos/csp_thread.o
 .debug_loc     0x00005fab      0x592 src/libcsp/src/csp_buffer.o
 .debug_loc     0x0000653d     0x10c8 src/libcsp/src/csp_conn.o
 .debug_loc     0x00007605      0x20b src/libcsp/src/csp_debug.o
 .debug_loc     0x00007810      0x9de src/libcsp/src/csp_endian.o
 .debug_loc     0x000081ee      0x41f src/libcsp/src/csp_iflist.o
 .debug_loc     0x0000860d     0x19f0 src/libcsp/src/csp_io.o
 .debug_loc     0x00009ffd      0x406 src/libcsp/src/csp_port.o
 .debug_loc     0x0000a403      0x1e6 src/libcsp/src/csp_qfifo.o
 .debug_loc     0x0000a5e9      0x374 src/libcsp/src/csp_route.o
 .debug_loc     0x0000a95d      0x2e7 src/libcsp/src/interfaces/csp_if_i2c.o
 .debug_loc     0x0000ac44       0xd1 src/libcsp/src/interfaces/csp_if_lo.o
 .debug_loc     0x0000ad15      0x335 src/libcsp/src/rtable/csp_rtable_static.o
 .debug_loc     0x0000b04a       0xc8 src/libcsp/src/transport/csp_udp.o
 .debug_loc     0x0000b112      0x152 src/obc/obc_task.o
 .debug_loc     0x0000b264      0x6ef src/util/i2c.o
 .debug_loc     0x0000b953      0x2ed src/util/uart.o
 .debug_loc     0x0000bc40       0x70 src/src/main.o

.debug_macinfo
 *(.debug_macinfo)

.debug_weaknames
 *(.debug_weaknames)

.debug_funcnames
 *(.debug_funcnames)

.debug_typenames
 *(.debug_typenames)

.debug_varnames
 *(.debug_varnames)

.debug_pubtypes
 *(.debug_pubtypes)

.debug_ranges   0x00000000      0x990
 *(.debug_ranges)
 .debug_ranges  0x00000000       0x30 src/FreeRTOS/Source/list.o
 .debug_ranges  0x00000030       0x38 src/FreeRTOS/Source/portable/MemMang/heap_4.o
 .debug_ranges  0x00000068       0x38 src/FreeRTOS/Source/portable/WinAVR/ATmega2560/port.o
 .debug_ranges  0x000000a0      0x148 src/FreeRTOS/Source/queue.o
 .debug_ranges  0x000001e8      0x1f8 src/FreeRTOS/Source/tasks.o
 .debug_ranges  0x000003e0       0x18 src/libcsp/src/arch/freertos/csp_malloc.o
 .debug_ranges  0x000003f8       0x48 src/libcsp/src/arch/freertos/csp_queue.o
 .debug_ranges  0x00000440       0x50 src/libcsp/src/arch/freertos/csp_semaphore.o
 .debug_ranges  0x00000490       0x38 src/libcsp/src/arch/freertos/csp_system.o
 .debug_ranges  0x000004c8       0x10 src/libcsp/src/arch/freertos/csp_thread.o
 .debug_ranges  0x000004d8       0x28 src/libcsp/src/arch/freertos/csp_time.o
 .debug_ranges  0x00000500       0x48 src/libcsp/src/csp_buffer.o
 .debug_ranges  0x00000548       0xa0 src/libcsp/src/csp_conn.o
 .debug_ranges  0x000005e8       0x30 src/libcsp/src/csp_debug.o
 .debug_ranges  0x00000618       0xb8 src/libcsp/src/csp_endian.o
 .debug_ranges  0x000006d0       0x28 src/libcsp/src/csp_iflist.o
 .debug_ranges  0x000006f8       0xa8 src/libcsp/src/csp_io.o
 .debug_ranges  0x000007a0       0x28 src/libcsp/src/csp_port.o
 .debug_ranges  0x000007c8       0x20 src/libcsp/src/csp_qfifo.o
 .debug_ranges  0x000007e8       0x40 src/libcsp/src/csp_route.o
 .debug_ranges  0x00000828       0x20 src/libcsp/src/interfaces/csp_if_i2c.o
 .debug_ranges  0x00000848       0x10 src/libcsp/src/interfaces/csp_if_lo.o
 .debug_ranges  0x00000858       0x70 src/libcsp/src/rtable/csp_rtable_static.o
 .debug_ranges  0x000008c8       0x10 src/libcsp/src/transport/csp_udp.o
 .debug_ranges  0x000008d8       0x20 src/obc/obc_task.o
 .debug_ranges  0x000008f8       0x58 src/util/i2c.o
 .debug_ranges  0x00000950       0x20 src/util/uart.o
 .debug_ranges  0x00000970       0x10 src/src/main.o
 .debug_ranges  0x00000980       0x10 src/ASF/mega/boards/stk600/rcx_x/init.o

.debug_macro
 *(.debug_macro)
OUTPUT(obc.elf elf32-avr)
LOAD linker stubs
