Archive member included to satisfy reference by file (symbol)

c:/program files (x86)/atmel/studio/7.0/toolchain/avr8/avr8-gnu-toolchain/bin/../lib/gcc/avr/5.4.0/../../../../avr/lib/avr6\libm.a(floatsisf.o)
                              src/libcsp/src/csp_iflist.o (__floatunsisf)
c:/program files (x86)/atmel/studio/7.0/toolchain/avr8/avr8-gnu-toolchain/bin/../lib/gcc/avr/5.4.0/../../../../avr/lib/avr6\libm.a(mulsf3.o)
                              src/libcsp/src/csp_iflist.o (__mulsf3)
c:/program files (x86)/atmel/studio/7.0/toolchain/avr8/avr8-gnu-toolchain/bin/../lib/gcc/avr/5.4.0/../../../../avr/lib/avr6\libm.a(mulsf3x.o)
                              c:/program files (x86)/atmel/studio/7.0/toolchain/avr8/avr8-gnu-toolchain/bin/../lib/gcc/avr/5.4.0/../../../../avr/lib/avr6\libm.a(mulsf3.o) (__mulsf3x)
c:/program files (x86)/atmel/studio/7.0/toolchain/avr8/avr8-gnu-toolchain/bin/../lib/gcc/avr/5.4.0/../../../../avr/lib/avr6\libm.a(fp_inf.o)
                              c:/program files (x86)/atmel/studio/7.0/toolchain/avr8/avr8-gnu-toolchain/bin/../lib/gcc/avr/5.4.0/../../../../avr/lib/avr6\libm.a(mulsf3x.o) (__fp_inf)
c:/program files (x86)/atmel/studio/7.0/toolchain/avr8/avr8-gnu-toolchain/bin/../lib/gcc/avr/5.4.0/../../../../avr/lib/avr6\libm.a(fp_nan.o)
                              c:/program files (x86)/atmel/studio/7.0/toolchain/avr8/avr8-gnu-toolchain/bin/../lib/gcc/avr/5.4.0/../../../../avr/lib/avr6\libm.a(mulsf3x.o) (__fp_nan)
c:/program files (x86)/atmel/studio/7.0/toolchain/avr8/avr8-gnu-toolchain/bin/../lib/gcc/avr/5.4.0/../../../../avr/lib/avr6\libm.a(fp_pscA.o)
                              c:/program files (x86)/atmel/studio/7.0/toolchain/avr8/avr8-gnu-toolchain/bin/../lib/gcc/avr/5.4.0/../../../../avr/lib/avr6\libm.a(mulsf3x.o) (__fp_pscA)
c:/program files (x86)/atmel/studio/7.0/toolchain/avr8/avr8-gnu-toolchain/bin/../lib/gcc/avr/5.4.0/../../../../avr/lib/avr6\libm.a(fp_pscB.o)
                              c:/program files (x86)/atmel/studio/7.0/toolchain/avr8/avr8-gnu-toolchain/bin/../lib/gcc/avr/5.4.0/../../../../avr/lib/avr6\libm.a(mulsf3x.o) (__fp_pscB)
c:/program files (x86)/atmel/studio/7.0/toolchain/avr8/avr8-gnu-toolchain/bin/../lib/gcc/avr/5.4.0/../../../../avr/lib/avr6\libm.a(fp_round.o)
                              c:/program files (x86)/atmel/studio/7.0/toolchain/avr8/avr8-gnu-toolchain/bin/../lib/gcc/avr/5.4.0/../../../../avr/lib/avr6\libm.a(mulsf3.o) (__fp_round)
c:/program files (x86)/atmel/studio/7.0/toolchain/avr8/avr8-gnu-toolchain/bin/../lib/gcc/avr/5.4.0/../../../../avr/lib/avr6\libm.a(fp_split3.o)
                              c:/program files (x86)/atmel/studio/7.0/toolchain/avr8/avr8-gnu-toolchain/bin/../lib/gcc/avr/5.4.0/../../../../avr/lib/avr6\libm.a(mulsf3x.o) (__fp_split3)
c:/program files (x86)/atmel/studio/7.0/toolchain/avr8/avr8-gnu-toolchain/bin/../lib/gcc/avr/5.4.0/../../../../avr/lib/avr6\libm.a(fp_zero.o)
                              c:/program files (x86)/atmel/studio/7.0/toolchain/avr8/avr8-gnu-toolchain/bin/../lib/gcc/avr/5.4.0/../../../../avr/lib/avr6\libm.a(mulsf3x.o) (__fp_szero)
c:/program files (x86)/atmel/studio/7.0/toolchain/avr8/avr8-gnu-toolchain/bin/../lib/gcc/avr/5.4.0/avr6\libgcc.a(_divmodhi4.o)
                              src/libcsp/src/csp_conn.o (__divmodhi4)
c:/program files (x86)/atmel/studio/7.0/toolchain/avr8/avr8-gnu-toolchain/bin/../lib/gcc/avr/5.4.0/avr6\libgcc.a(_udivmodsi4.o)
                              src/libcsp/src/arch/freertos/csp_time.o (__udivmodsi4)
c:/program files (x86)/atmel/studio/7.0/toolchain/avr8/avr8-gnu-toolchain/bin/../lib/gcc/avr/5.4.0/avr6\libgcc.a(_exit.o)
                              C:/Program Files (x86)/Atmel/Studio/7.0/Packs/atmel/ATmega_DFP/1.3.300/gcc/dev/atmega2560/avr6/crtatmega2560.o (exit)
c:/program files (x86)/atmel/studio/7.0/toolchain/avr8/avr8-gnu-toolchain/bin/../lib/gcc/avr/5.4.0/avr6\libgcc.a(_tablejump2.o)
                              src/libcsp/src/arch/freertos/csp_system.o (__tablejump2__)
c:/program files (x86)/atmel/studio/7.0/toolchain/avr8/avr8-gnu-toolchain/bin/../lib/gcc/avr/5.4.0/avr6\libgcc.a(_copy_data.o)
                              src/FreeRTOS/Source/tasks.o (__do_copy_data)
c:/program files (x86)/atmel/studio/7.0/toolchain/avr8/avr8-gnu-toolchain/bin/../lib/gcc/avr/5.4.0/avr6\libgcc.a(_clear_bss.o)
                              src/FreeRTOS/Source/portable/MemMang/heap_4.o (__do_clear_bss)
c:/program files (x86)/atmel/studio/7.0/toolchain/avr8/avr8-gnu-toolchain/bin/../lib/gcc/avr/5.4.0/avr6\libgcc.a(_umulhisi3.o)
                              src/util/i2c.o (__umulhisi3)
c:/program files (x86)/atmel/studio/7.0/toolchain/avr8/avr8-gnu-toolchain/bin/../lib/gcc/avr/5.4.0/avr6\libgcc.a(_ashldi3.o)
                              src/libcsp/src/csp_endian.o (__ashldi3)
c:/program files (x86)/atmel/studio/7.0/toolchain/avr8/avr8-gnu-toolchain/bin/../lib/gcc/avr/5.4.0/avr6\libgcc.a(_ashrdi3.o)
                              src/libcsp/src/csp_endian.o (__lshrdi3)
[...]
Memory Configuration

Name             Origin             Length             Attributes
text             0x00000000         0x00100000         xr
data             0x00800200         0x0000fe00         rw !x
eeprom           0x00810000         0x00010000         rw !x
fuse             0x00820000         0x00000003         rw !x
lock             0x00830000         0x00000400         rw !x
signature        0x00840000         0x00000400         rw !x
user_signatures  0x00850000         0x00000400         rw !x
*default*        0x00000000         0xffffffff

Linker script and memory map

Address of section .data set to 0x800200
LOAD C:/Program Files (x86)/Atmel/Studio/7.0/Packs/atmel/ATmega_DFP/1.3.300/gcc/dev/atmega2560/avr6/crtatmega2560.o
LOAD src/ASF/common/services/clock/mega/sysclk.o
LOAD src/driver_debug.o
LOAD src/FreeRTOS/Source/list.o
LOAD src/FreeRTOS/Source/portable/MemMang/heap_4.o
LOAD src/FreeRTOS/Source/portable/WinAVR/ATmega2560/port.o
LOAD src/FreeRTOS/Source/queue.o
LOAD src/FreeRTOS/Source/tasks.o
LOAD src/FreeRTOS/Source/timers.o
LOAD src/libcsp/src/arch/freertos/csp_malloc.o
LOAD src/libcsp/src/arch/freertos/csp_queue.o
LOAD src/libcsp/src/arch/freertos/csp_semaphore.o
LOAD src/libcsp/src/arch/freertos/csp_system.o
LOAD src/libcsp/src/arch/freertos/csp_thread.o
LOAD src/libcsp/src/arch/freertos/csp_time.o
LOAD src/libcsp/src/crypto/csp_hmac.o
LOAD src/libcsp/src/crypto/csp_sha1.o
LOAD src/libcsp/src/crypto/csp_xtea.o
LOAD src/libcsp/src/csp_bridge.o
LOAD src/libcsp/src/csp_buffer.o
LOAD src/libcsp/src/csp_conn.o
LOAD src/libcsp/src/csp_crc32.o
LOAD src/libcsp/src/csp_debug.o
LOAD src/libcsp/src/csp_dedup.o
LOAD src/libcsp/src/csp_endian.o
LOAD src/libcsp/src/csp_iflist.o
LOAD src/libcsp/src/csp_io.o
LOAD src/libcsp/src/csp_port.o
LOAD src/libcsp/src/csp_promisc.o
LOAD src/libcsp/src/csp_qfifo.o
LOAD src/libcsp/src/csp_route.o
LOAD src/libcsp/src/csp_services.o
LOAD src/libcsp/src/csp_service_handler.o
LOAD src/libcsp/src/csp_sfp.o
LOAD src/libcsp/src/interfaces/csp_if_can.o
LOAD src/libcsp/src/interfaces/csp_if_i2c.o
LOAD src/libcsp/src/interfaces/csp_if_kiss.o
LOAD src/libcsp/src/interfaces/csp_if_lo.o
LOAD src/libcsp/src/rtable/csp_rtable_static.o
LOAD src/libcsp/src/transport/csp_rdp.o
LOAD src/libcsp/src/transport/csp_udp.o
LOAD src/obc/obc_task.o
LOAD src/util/i2c.o
LOAD src/util/uart.o
LOAD src/src/main.o
LOAD src/ASF/mega/boards/stk600/rcx_x/init.o
START GROUP
LOAD c:/program files (x86)/atmel/studio/7.0/toolchain/avr8/avr8-gnu-toolchain/bin/../lib/gcc/avr/5.4.0/../../../../avr/lib/avr6\libm.a
END GROUP
START GROUP
LOAD c:/program files (x86)/atmel/studio/7.0/toolchain/avr8/avr8-gnu-toolchain/bin/../lib/gcc/avr/5.4.0/avr6\libgcc.a
LOAD c:/program files (x86)/atmel/studio/7.0/toolchain/avr8/avr8-gnu-toolchain/bin/../lib/gcc/avr/5.4.0/../../../../avr/lib/avr6\libm.a
LOAD c:/program files (x86)/atmel/studio/7.0/toolchain/avr8/avr8-gnu-toolchain/bin/../lib/gcc/avr/5.4.0/../../../../avr/lib/avr6\libc.a
LOAD C:/Program Files (x86)/Atmel/Studio/7.0/Packs/atmel/ATmega_DFP/1.3.300/gcc/dev/atmega2560/avr6\libatmega2560.a
END GROUP
                0x00000000                __TEXT_REGION_ORIGIN__ = DEFINED (__TEXT_REGION_ORIGIN__)?__TEXT_REGION_ORIGIN__:0x0
                0x00800200                __DATA_REGION_ORIGIN__ = DEFINED (__DATA_REGION_ORIGIN__)?__DATA_REGION_ORIGIN__:0x800200
                0x00100000                __TEXT_REGION_LENGTH__ = DEFINED (__TEXT_REGION_LENGTH__)?__TEXT_REGION_LENGTH__:0x100000
                0x0000fe00                __DATA_REGION_LENGTH__ = DEFINED (__DATA_REGION_LENGTH__)?__DATA_REGION_LENGTH__:0xfe00
                0x00010000                __EEPROM_REGION_LENGTH__ = DEFINED (__EEPROM_REGION_LENGTH__)?__EEPROM_REGION_LENGTH__:0x10000
                [0x00000003]                __FUSE_REGION_LENGTH__ = DEFINED (__FUSE_REGION_LENGTH__)?__FUSE_REGION_LENGTH__:0x400
                0x00000400                __LOCK_REGION_LENGTH__ = DEFINED (__LOCK_REGION_LENGTH__)?__LOCK_REGION_LENGTH__:0x400
                0x00000400                __SIGNATURE_REGION_LENGTH__ = DEFINED (__SIGNATURE_REGION_LENGTH__)?__SIGNATURE_REGION_LENGTH__:0x400
                0x00000400                __USER_SIGNATURE_REGION_LENGTH__ = DEFINED (__USER_SIGNATURE_REGION_LENGTH__)?__USER_SIGNATURE_REGION_LENGTH__:0x400

.hash
 *(.hash)

.dynsym
 *(.dynsym)

.dynstr
 *(.dynstr)

.gnu.version
 *(.gnu.version)

.gnu.version_d
 *(.gnu.version_d)

.gnu.version_r
 *(.gnu.version_r)

.rel.init
 *(.rel.init)

.rela.init
 *(.rela.init)

.rel.text
 *(.rel.text)
 *(.rel.text.*)
 *(.rel.gnu.linkonce.t*)

.rela.text
 *(.rela.text)
 *(.rela.text.*)
 *(.rela.gnu.linkonce.t*)

.rel.fini
 *(.rel.fini)

.rela.fini
 *(.rela.fini)

.rel.rodata
 *(.rel.rodata)
 *(.rel.rodata.*)
 *(.rel.gnu.linkonce.r*)

.rela.rodata
 *(.rela.rodata)
 *(.rela.rodata.*)
 *(.rela.gnu.linkonce.r*)

.rel.data
 *(.rel.data)
 *(.rel.data.*)
 *(.rel.gnu.linkonce.d*)

.rela.data
 *(.rela.data)
 *(.rela.data.*)
 *(.rela.gnu.linkonce.d*)

.rel.ctors
 *(.rel.ctors)

.rela.ctors
 *(.rela.ctors)

.rel.dtors
 *(.rel.dtors)

.rela.dtors
 *(.rela.dtors)

.rel.got
 *(.rel.got)

.rela.got
 *(.rela.got)

.rel.bss
 *(.rel.bss)

.rela.bss
 *(.rela.bss)

.rel.plt
 *(.rel.plt)

.rela.plt
 *(.rela.plt)

.text           0x00000000     0x5f24
 *(.vectors)
 .vectors       0x00000000       0xe4 C:/Program Files (x86)/Atmel/Studio/7.0/Packs/atmel/ATmega_DFP/1.3.300/gcc/dev/atmega2560/avr6/crtatmega2560.o
                0x00000000                __vector_default
                0x00000000                __vectors
 *(.vectors)
 *(.progmem.gcc*)
 .progmem.gcc_sw_table.csp_sys_set_color
                0x000000e4       0x10 src/libcsp/src/arch/freertos/csp_system.o
 .progmem.gcc_sw_table.do_csp_debug
                0x000000f4        0xe src/libcsp/src/csp_debug.o
 .progmem.gcc_sw_table.__vector_39
                0x00000102      0x182 src/util/i2c.o
                0x00000284                . = ALIGN (0x2)
                0x00000284                __trampolines_start = .
 *(.trampolines)
 .trampolines   0x00000284        0x0 linker stubs
 *(.trampolines*)
                0x00000284                __trampolines_end = .
 *libprintf_flt.a:*(.progmem.data)
 *libc.a:*(.progmem.data)
 *(.progmem*)
 .progmem.data.__c.2854
                0x00000284       0x16 src/libcsp/src/arch/freertos/csp_semaphore.o
 .progmem.data.__c.2849
                0x0000029a       0x16 src/libcsp/src/arch/freertos/csp_semaphore.o
 .progmem.data.__c.2821
                0x000002b0        0x9 src/libcsp/src/arch/freertos/csp_system.o
 .progmem.data.__c.2885
                0x000002b9       0x16 src/libcsp/src/csp_buffer.o
 .progmem.data.__c.2883
                0x000002cf       0x30 src/libcsp/src/csp_buffer.o
 .progmem.data.__c.2881
                0x000002ff       0x2a src/libcsp/src/csp_buffer.o
 .progmem.data.__c.2879
                0x00000329       0x31 src/libcsp/src/csp_buffer.o
 .progmem.data.__c.2877
                0x0000035a       0x33 src/libcsp/src/csp_buffer.o
 .progmem.data.__c.2874
                0x0000038d       0x2a src/libcsp/src/csp_buffer.o
 .progmem.data.__c.2864
                0x000003b7       0x20 src/libcsp/src/csp_buffer.o
 .progmem.data.__c.2862
                0x000003d7       0x18 src/libcsp/src/csp_buffer.o
 .progmem.data.__c.2860
                0x000003ef       0x1c src/libcsp/src/csp_buffer.o
 .progmem.data.__c.2858
                0x0000040b       0x34 src/libcsp/src/csp_buffer.o
 .progmem.data.__c.3263
                0x0000043f       0x66 src/libcsp/src/csp_conn.o
 .progmem.data.__c.3261
                0x000004a5       0x64 src/libcsp/src/csp_conn.o
 .progmem.data.__c.3259
                0x00000509       0x68 src/libcsp/src/csp_conn.o
 .progmem.data.__c.3257
                0x00000571       0x58 src/libcsp/src/csp_conn.o
 .progmem.data.__c.3246
                0x000005c9       0x27 src/libcsp/src/csp_conn.o
 .progmem.data.__c.3244
                0x000005f0       0x21 src/libcsp/src/csp_conn.o
 .progmem.data.__c.3242
                0x00000611       0x2d src/libcsp/src/csp_conn.o
 .progmem.data.__c.3232
                0x0000063e       0x26 src/libcsp/src/csp_conn.o
 .progmem.data.__c.3227
                0x00000664       0x27 src/libcsp/src/csp_conn.o
 .progmem.data.__c.3198
                0x0000068b       0x2f src/libcsp/src/csp_conn.o
 .progmem.data.__c.3193
                0x000006ba       0x2e src/libcsp/src/csp_conn.o
 .progmem.data.__c.3186
                0x000006e8       0x30 src/libcsp/src/csp_conn.o
 .progmem.data.__c.3181
                0x00000718       0x2c src/libcsp/src/csp_conn.o
 .progmem.data.__c.2557
                0x00000744        0x3 src/libcsp/src/csp_debug.o
 .progmem.data.__c.3371
                0x00000747       0x29 src/libcsp/src/csp_io.o
 .progmem.data.__c.3352
                0x00000770       0x26 src/libcsp/src/csp_io.o
 .progmem.data.__c.3342
                0x00000796       0x71 src/libcsp/src/csp_io.o
 .progmem.data.__c.3340
                0x00000807       0x73 src/libcsp/src/csp_io.o
 .progmem.data.__c.3337
                0x0000087a       0x6c src/libcsp/src/csp_io.o
 .progmem.data.__c.3335
                0x000008e6       0x4c src/libcsp/src/csp_io.o
 .progmem.data.__c.3333
                0x00000932       0x25 src/libcsp/src/csp_io.o
 .progmem.data.__c.3330
                0x00000957       0x35 src/libcsp/src/csp_io.o
 .progmem.data.__c.2723
                0x0000098c       0x41 src/libcsp/src/csp_qfifo.o
 .progmem.data.__c.2719
                0x000009cd       0x37 src/libcsp/src/csp_qfifo.o
 .progmem.data.__c.2717
                0x00000a04       0x34 src/libcsp/src/csp_qfifo.o
 .progmem.data.__c.3089
                0x00000a38       0x29 src/libcsp/src/csp_route.o
 .progmem.data.__c.3060
                0x00000a61       0x66 src/libcsp/src/csp_route.o
 .progmem.data.__c.3053
                0x00000ac7       0x5e src/libcsp/src/csp_route.o
 .progmem.data.__c.3051
                0x00000b25       0x65 src/libcsp/src/csp_route.o
 .progmem.data.__c.3049
                0x00000b8a       0x6a src/libcsp/src/csp_route.o
 .progmem.data.__c.3077
                0x00000bf4       0x2b src/libcsp/src/csp_route.o
 .progmem.data.__c.3074
                0x00000c1f       0x29 src/libcsp/src/csp_route.o
 .progmem.data.__c.3072
                0x00000c48       0x23 src/libcsp/src/csp_route.o
 .progmem.data.__c.3069
                0x00000c6b       0x4c src/libcsp/src/csp_route.o
 .progmem.data.__c.2553
                0x00000cb7       0x11 src/libcsp/src/rtable/csp_rtable_static.o
 .progmem.data.__c.2548
                0x00000cc8       0x10 src/libcsp/src/rtable/csp_rtable_static.o
 .progmem.data.__c.2546
                0x00000cd8       0x1b src/libcsp/src/rtable/csp_rtable_static.o
 .progmem.data.__c.2540
                0x00000cf3       0x35 src/libcsp/src/rtable/csp_rtable_static.o
 .progmem.data.__c.2548
                0x00000d28       0x32 src/libcsp/src/transport/csp_udp.o
 .progmem.data.__c.2546
                0x00000d5a       0x2b src/libcsp/src/transport/csp_udp.o
 .progmem.data.__c.3453
                0x00000d85       0x11 src/obc/obc_task.o
 .progmem.data.__c.3451
                0x00000d96       0x12 src/obc/obc_task.o
 .progmem.data.__c.3449
                0x00000da8       0x1a src/obc/obc_task.o
 .progmem.data.__c.3447
                0x00000dc2       0x12 src/obc/obc_task.o
 .progmem.data.__c.3144
                0x00000dd4        0x3 src/util/i2c.o
 .progmem.data.__c.3122
                0x00000dd7       0x17 src/util/i2c.o
 .progmem.data.__c.3082
                0x00000dee       0x12 src/util/i2c.o
 .progmem.data.__c.3080
                0x00000e00       0x39 src/util/i2c.o
 .progmem.data.__c.3436
                0x00000e39       0x2d src/src/main.o
 .progmem.data.__c.3430
                0x00000e66        0x3 src/src/main.o
 .progmem.data.__c.3428
                0x00000e69       0x33 src/src/main.o
                0x00000e9c                . = ALIGN (0x2)
 *(.jumptables)
 *(.jumptables*)
 *(.lowtext)
 *(.lowtext*)
                0x00000e9c                __ctors_start = .
 *(.ctors)
                0x00000e9c                __ctors_end = .
                0x00000e9c                __dtors_start = .
 *(.dtors)
                0x00000e9c                __dtors_end = .
 SORT(*)(.ctors)
 SORT(*)(.dtors)
 *(.init0)
 .init0         0x00000e9c        0x0 C:/Program Files (x86)/Atmel/Studio/7.0/Packs/atmel/ATmega_DFP/1.3.300/gcc/dev/atmega2560/avr6/crtatmega2560.o
                0x00000e9c                __init
 *(.init0)
 *(.init1)
 *(.init1)
 *(.init2)
 .init2         0x00000e9c       0x10 C:/Program Files (x86)/Atmel/Studio/7.0/Packs/atmel/ATmega_DFP/1.3.300/gcc/dev/atmega2560/avr6/crtatmega2560.o
 *(.init2)
 *(.init3)
 *(.init3)
 *(.init4)
 .init4         0x00000eac       0x1a c:/program files (x86)/atmel/studio/7.0/toolchain/avr8/avr8-gnu-toolchain/bin/../lib/gcc/avr/5.4.0/avr6\libgcc.a(_copy_data.o)
                0x00000eac                __do_copy_data
 .init4         0x00000ec6       0x10 c:/program files (x86)/atmel/studio/7.0/toolchain/avr8/avr8-gnu-toolchain/bin/../lib/gcc/avr/5.4.0/avr6\libgcc.a(_clear_bss.o)
                0x00000ec6                __do_clear_bss
 *(.init4)
 *(.init5)
 *(.init5)
 *(.init6)
 *(.init6)
 *(.init7)
 *(.init7)
 *(.init8)
 *(.init8)
 *(.init9)
 .init9         0x00000ed6        0x8 C:/Program Files (x86)/Atmel/Studio/7.0/Packs/atmel/ATmega_DFP/1.3.300/gcc/dev/atmega2560/avr6/crtatmega2560.o
 *(.init9)
 *(.text)
 .text          0x00000ede        0x2 C:/Program Files (x86)/Atmel/Studio/7.0/Packs/atmel/ATmega_DFP/1.3.300/gcc/dev/atmega2560/avr6/crtatmega2560.o
                0x00000ede                __vector_38
                0x00000ede                __vector_22
                0x00000ede                __vector_28
                0x00000ede                __vector_1
                0x00000ede                __vector_32
                0x00000ede                __vector_34
                0x00000ede                __vector_24
                0x00000ede                __vector_12
                0x00000ede                __vector_55
                0x00000ede                __vector_46
                0x00000ede                __bad_interrupt
                0x00000ede                __vector_6
                0x00000ede                __vector_31
                0x00000ede                __vector_35
                0x00000ede                __vector_3
                0x00000ede                __vector_23
                0x00000ede                __vector_30
                0x00000ede                __vector_45
                0x00000ede                __vector_25
                0x00000ede                __vector_11
                0x00000ede                __vector_54
                0x00000ede                __vector_13
                0x00000ede                __vector_19
                0x00000ede                __vector_56
                0x00000ede                __vector_7
                0x00000ede                __vector_49
                0x00000ede                __vector_41
                0x00000ede                __vector_43
                0x00000ede                __vector_27
                0x00000ede                __vector_5
                0x00000ede                __vector_33
                0x00000ede                __vector_47
                0x00000ede                __vector_52
                0x00000ede                __vector_37
                0x00000ede                __vector_4
                0x00000ede                __vector_44
                0x00000ede                __vector_51
                0x00000ede                __vector_9
                0x00000ede                __vector_2
                0x00000ede                __vector_21
                0x00000ede                __vector_15
                0x00000ede                __vector_36
                0x00000ede                __vector_29
                0x00000ede                __vector_40
                0x00000ede                __vector_8
                0x00000ede                __vector_26
                0x00000ede                __vector_48
                0x00000ede                __vector_14
                0x00000ede                __vector_53
                0x00000ede                __vector_10
                0x00000ede                __vector_50
                0x00000ede                __vector_16
                0x00000ede                __vector_18
                0x00000ede                __vector_20
                0x00000ede                __vector_42
                0x00000ee0                . = ALIGN (0x2)
 *(.text.*)
 .text.vListInitialise
                0x00000ee0       0x22 src/FreeRTOS/Source/list.o
                0x00000ee0                vListInitialise
 .text.vListInitialiseItem
                0x00000f02        0x8 src/FreeRTOS/Source/list.o
                0x00000f02                vListInitialiseItem
 .text.vListInsertEnd
                0x00000f0a       0x42 src/FreeRTOS/Source/list.o
                0x00000f0a                vListInsertEnd
 .text.vListInsert
                0x00000f4c       0x7a src/FreeRTOS/Source/list.o
                0x00000f4c                vListInsert
 .text.uxListRemove
                0x00000fc6       0x4c src/FreeRTOS/Source/list.o
                0x00000fc6                uxListRemove
 .text.prvInsertBlockIntoFreeList
                0x00001012       0x9a src/FreeRTOS/Source/portable/MemMang/heap_4.o
 .text.pvPortMalloc
                0x000010ac      0x188 src/FreeRTOS/Source/portable/MemMang/heap_4.o
                0x000010ac                pvPortMalloc
 .text.vPortFree
                0x00001234       0x5e src/FreeRTOS/Source/portable/MemMang/heap_4.o
                0x00001234                vPortFree
 .text.pxPortInitialiseStack
                0x00001292       0xe4 src/FreeRTOS/Source/portable/WinAVR/ATmega2560/port.o
                0x00001292                pxPortInitialiseStack
 .text.xPortStartScheduler
                0x00001376       0x80 src/FreeRTOS/Source/portable/WinAVR/ATmega2560/port.o
                0x00001376                xPortStartScheduler
 .text.vPortYield
                0x000013f6       0xc0 src/FreeRTOS/Source/portable/WinAVR/ATmega2560/port.o
                0x000013f6                vPortYield
 .text.vPortYieldFromTick
                0x000014b6       0xc4 src/FreeRTOS/Source/portable/WinAVR/ATmega2560/port.o
                0x000014b6                vPortYieldFromTick
 .text.__vector_17
                0x0000157a        0x4 src/FreeRTOS/Source/portable/WinAVR/ATmega2560/port.o
                0x0000157a                __vector_17
 .text.prvCopyDataToQueue
                0x0000157e       0xbe src/FreeRTOS/Source/queue.o
 .text.prvCopyDataFromQueue
                0x0000163c       0x34 src/FreeRTOS/Source/queue.o
 .text.prvUnlockQueue
                0x00001670       0x92 src/FreeRTOS/Source/queue.o
 .text.xQueueGenericReset
                0x00001702       0x72 src/FreeRTOS/Source/queue.o
                0x00001702                xQueueGenericReset
 .text.xQueueGenericCreate
                0x00001774       0x5c src/FreeRTOS/Source/queue.o
                0x00001774                xQueueGenericCreate
 .text.xQueueGenericSend
                0x000017d0      0x138 src/FreeRTOS/Source/queue.o
                0x000017d0                xQueueGenericSend
 .text.xQueueCreateMutex
                0x00001908       0x36 src/FreeRTOS/Source/queue.o
                0x00001908                xQueueCreateMutex
 .text.xQueueGenericSendFromISR
                0x0000193e       0x70 src/FreeRTOS/Source/queue.o
                0x0000193e                xQueueGenericSendFromISR
 .text.xQueueGenericReceive
                0x000019ae      0x18a src/FreeRTOS/Source/queue.o
                0x000019ae                xQueueGenericReceive
 .text.xQueueReceiveFromISR
                0x00001b38       0x6a src/FreeRTOS/Source/queue.o
                0x00001b38                xQueueReceiveFromISR
 .text.uxQueueMessagesWaiting
                0x00001ba2       0x10 src/FreeRTOS/Source/queue.o
                0x00001ba2                uxQueueMessagesWaiting
 .text.uxQueueMessagesWaitingFromISR
                0x00001bb2        0x6 src/FreeRTOS/Source/queue.o
                0x00001bb2                uxQueueMessagesWaitingFromISR
 .text.prvResetNextTaskUnblockTime
                0x00001bb8       0x54 src/FreeRTOS/Source/tasks.o
 .text.prvAddCurrentTaskToDelayedList
                0x00001c0c       0xe6 src/FreeRTOS/Source/tasks.o
 .text.xTaskCreate
                0x00001cf2      0x21a src/FreeRTOS/Source/tasks.o
                0x00001cf2                xTaskCreate
 .text.xTaskResumeFromISR
                0x00001f0c       0x9e src/FreeRTOS/Source/tasks.o
                0x00001f0c                xTaskResumeFromISR
 .text.vTaskStartScheduler
                0x00001faa       0x62 src/FreeRTOS/Source/tasks.o
                0x00001faa                vTaskStartScheduler
 .text.vTaskSuspendAll
                0x0000200c        0xc src/FreeRTOS/Source/tasks.o
                0x0000200c                vTaskSuspendAll
 .text.xTaskGetTickCount
                0x00002018       0x1c src/FreeRTOS/Source/tasks.o
                0x00002018                xTaskGetTickCount
 .text.xTaskIncrementTick
                0x00002034      0x1aa src/FreeRTOS/Source/tasks.o
                0x00002034                xTaskIncrementTick
 .text.xTaskResumeAll
                0x000021de       0xf6 src/FreeRTOS/Source/tasks.o
                0x000021de                xTaskResumeAll
 .text.vTaskDelay
                0x000022d4       0x30 src/FreeRTOS/Source/tasks.o
                0x000022d4                vTaskDelay
 .text.prvIdleTask
                0x00002304       0x74 src/FreeRTOS/Source/tasks.o
 .text.vTaskSwitchContext
                0x00002378       0xae src/FreeRTOS/Source/tasks.o
                0x00002378                vTaskSwitchContext
 .text.vTaskPlaceOnEventList
                0x00002426       0x2e src/FreeRTOS/Source/tasks.o
                0x00002426                vTaskPlaceOnEventList
 .text.xTaskRemoveFromEventList
                0x00002454       0x84 src/FreeRTOS/Source/tasks.o
                0x00002454                xTaskRemoveFromEventList
 .text.vTaskSetTimeOutState
                0x000024d8       0x22 src/FreeRTOS/Source/tasks.o
                0x000024d8                vTaskSetTimeOutState
 .text.xTaskCheckForTimeOut
                0x000024fa       0xcc src/FreeRTOS/Source/tasks.o
                0x000024fa                xTaskCheckForTimeOut
 .text.vTaskMissedYield
                0x000025c6        0x8 src/FreeRTOS/Source/tasks.o
                0x000025c6                vTaskMissedYield
 .text.vTaskPriorityInherit
                0x000025ce       0xbc src/FreeRTOS/Source/tasks.o
                0x000025ce                vTaskPriorityInherit
 .text.xTaskPriorityDisinherit
                0x0000268a       0x80 src/FreeRTOS/Source/tasks.o
                0x0000268a                xTaskPriorityDisinherit
 .text.pvTaskIncrementMutexHeldCount
                0x0000270a       0x24 src/FreeRTOS/Source/tasks.o
                0x0000270a                pvTaskIncrementMutexHeldCount
 .text.csp_malloc
                0x0000272e        0x6 src/libcsp/src/arch/freertos/csp_malloc.o
                0x0000272e                csp_malloc
 .text.csp_free
                0x00002734        0x6 src/libcsp/src/arch/freertos/csp_malloc.o
                0x00002734                csp_free
 .text.csp_queue_create
                0x0000273a        0x6 src/libcsp/src/arch/freertos/csp_queue.o
                0x0000273a                csp_queue_create
 .text.csp_queue_enqueue
                0x00002740       0x10 src/libcsp/src/arch/freertos/csp_queue.o
                0x00002740                csp_queue_enqueue
 .text.csp_queue_enqueue_isr
                0x00002750        0xc src/libcsp/src/arch/freertos/csp_queue.o
                0x00002750                csp_queue_enqueue_isr
 .text.csp_queue_dequeue
                0x0000275c       0x10 src/libcsp/src/arch/freertos/csp_queue.o
                0x0000275c                csp_queue_dequeue
 .text.csp_queue_dequeue_isr
                0x0000276c        0xa src/libcsp/src/arch/freertos/csp_queue.o
                0x0000276c                csp_queue_dequeue_isr
 .text.csp_queue_size
                0x00002776        0x6 src/libcsp/src/arch/freertos/csp_queue.o
                0x00002776                csp_queue_size
 .text.csp_mutex_create
                0x0000277c       0x22 src/libcsp/src/arch/freertos/csp_semaphore.o
                0x0000277c                csp_mutex_create
 .text.csp_bin_sem_create
                0x0000279e       0x34 src/libcsp/src/arch/freertos/csp_semaphore.o
                0x0000279e                csp_bin_sem_create
 .text.csp_bin_sem_wait
                0x000027d2       0x82 src/libcsp/src/arch/freertos/csp_semaphore.o
                0x000027d2                csp_bin_sem_wait
 .text.csp_bin_sem_post
                0x00002854       0x72 src/libcsp/src/arch/freertos/csp_semaphore.o
                0x00002854                csp_bin_sem_post
 .text.csp_sys_set_color
                0x000028c6       0xac src/libcsp/src/arch/freertos/csp_system.o
                0x000028c6                csp_sys_set_color
 .text.csp_thread_create
                0x00002972       0x24 src/libcsp/src/arch/freertos/csp_thread.o
                0x00002972                csp_thread_create
 .text.csp_get_ms
                0x00002996        0x4 src/libcsp/src/arch/freertos/csp_time.o
                0x00002996                csp_get_ms
 .text.csp_buffer_init
                0x0000299a      0x116 src/libcsp/src/csp_buffer.o
                0x0000299a                csp_buffer_init
 .text.csp_buffer_get_isr
                0x00002ab0       0x76 src/libcsp/src/csp_buffer.o
                0x00002ab0                csp_buffer_get_isr
 .text.csp_buffer_get
                0x00002b26      0x182 src/libcsp/src/csp_buffer.o
                0x00002b26                csp_buffer_get
 .text.csp_buffer_free_isr
                0x00002ca8       0x70 src/libcsp/src/csp_buffer.o
                0x00002ca8                csp_buffer_free_isr
 .text.csp_buffer_free
                0x00002d18      0x1ec src/libcsp/src/csp_buffer.o
                0x00002d18                csp_buffer_free
 .text.csp_conn_enqueue_packet
                0x00002f04       0xae src/libcsp/src/csp_conn.o
                0x00002f04                csp_conn_enqueue_packet
 .text.csp_conn_init
                0x00002fb2      0x14c src/libcsp/src/csp_conn.o
                0x00002fb2                csp_conn_init
 .text.csp_conn_find
                0x000030fe       0x88 src/libcsp/src/csp_conn.o
                0x000030fe                csp_conn_find
 .text.csp_conn_flush_rx_queue
                0x00003186       0x48 src/libcsp/src/csp_conn.o
                0x00003186                csp_conn_flush_rx_queue
 .text.csp_conn_allocate
                0x000031ce      0x142 src/libcsp/src/csp_conn.o
                0x000031ce                csp_conn_allocate
 .text.csp_conn_new
                0x00003310       0x5c src/libcsp/src/csp_conn.o
                0x00003310                csp_conn_new
 .text.csp_close
                0x0000336c      0x110 src/libcsp/src/csp_conn.o
                0x0000336c                csp_close
 .text.csp_connect
                0x0000347c      0x278 src/libcsp/src/csp_conn.o
                0x0000347c                csp_connect
 .text.do_csp_debug
                0x000036f4       0xaa src/libcsp/src/csp_debug.o
                0x000036f4                do_csp_debug
 .text.csp_hton32
                0x0000379e       0x6a src/libcsp/src/csp_endian.o
                0x0000379e                csp_hton32
 .text.csp_ntoh32
                0x00003808       0x6a src/libcsp/src/csp_endian.o
                0x00003808                csp_ntoh32
 .text.csp_iflist_add
                0x00003872       0x52 src/libcsp/src/csp_iflist.o
                0x00003872                csp_iflist_add
 .text.csp_get_address
                0x000038c4        0x6 src/libcsp/src/csp_io.o
                0x000038c4                csp_get_address
 .text.csp_init
                0x000038ca       0x4e src/libcsp/src/csp_io.o
                0x000038ca                csp_init
 .text.csp_read
                0x00003918       0x52 src/libcsp/src/csp_io.o
                0x00003918                csp_read
 .text.csp_send_direct
                0x0000396a      0x2f6 src/libcsp/src/csp_io.o
                0x0000396a                csp_send_direct
 .text.csp_send
                0x00003c60       0xc2 src/libcsp/src/csp_io.o
                0x00003c60                csp_send
 .text.csp_transaction_persistent
                0x00003d22      0x142 src/libcsp/src/csp_io.o
                0x00003d22                csp_transaction_persistent
 .text.csp_transaction
                0x00003e64       0xa0 src/libcsp/src/csp_io.o
                0x00003e64                csp_transaction
 .text.csp_port_get_socket
                0x00003f04       0x4e src/libcsp/src/csp_port.o
                0x00003f04                csp_port_get_socket
 .text.csp_port_init
                0x00003f52       0x14 src/libcsp/src/csp_port.o
                0x00003f52                csp_port_init
 .text.csp_qfifo_init
                0x00003f66       0x30 src/libcsp/src/csp_qfifo.o
                0x00003f66                csp_qfifo_init
 .text.csp_qfifo_read
                0x00003f96       0x24 src/libcsp/src/csp_qfifo.o
                0x00003f96                csp_qfifo_read
 .text.csp_qfifo_write
                0x00003fba      0x198 src/libcsp/src/csp_qfifo.o
                0x00003fba                csp_qfifo_write
 .text.csp_route_security_check
                0x00004152       0x5c src/libcsp/src/csp_route.o
 .text.csp_route_work
                0x000041ae      0x4f8 src/libcsp/src/csp_route.o
                0x000041ae                csp_route_work
 .text.csp_task_router
                0x000046a6        0xa src/libcsp/src/csp_route.o
                0x000046a6                csp_task_router
 .text.csp_route_start_task
                0x000046b0       0x82 src/libcsp/src/csp_route.o
                0x000046b0                csp_route_start_task
 .text.csp_i2c_tx
                0x00004732       0x9c src/libcsp/src/interfaces/csp_if_i2c.o
                0x00004732                csp_i2c_tx
 .text.csp_i2c_rx
                0x000047ce       0x78 src/libcsp/src/interfaces/csp_if_i2c.o
                0x000047ce                csp_i2c_rx
 .text.csp_i2c_init
                0x00004846       0x60 src/libcsp/src/interfaces/csp_if_i2c.o
                0x00004846                csp_i2c_init
 .text.csp_lo_tx
                0x000048a6       0x4e src/libcsp/src/interfaces/csp_if_lo.o
                0x000048a6                csp_lo_tx
 .text.csp_rtable_find_iface
                0x000048f4       0x40 src/libcsp/src/rtable/csp_rtable_static.o
                0x000048f4                csp_rtable_find_iface
 .text.csp_rtable_find_mac
                0x00004934       0x42 src/libcsp/src/rtable/csp_rtable_static.o
                0x00004934                csp_rtable_find_mac
 .text.csp_rtable_set
                0x00004976       0x96 src/libcsp/src/rtable/csp_rtable_static.o
                0x00004976                csp_rtable_set
 .text.csp_rtable_print
                0x00004a0c       0xb6 src/libcsp/src/rtable/csp_rtable_static.o
                0x00004a0c                csp_rtable_print
 .text.csp_udp_new_packet
                0x00004ac2       0xd4 src/libcsp/src/transport/csp_udp.o
                0x00004ac2                csp_udp_new_packet
 .text.__portable_avr_delay_cycles
                0x00004b96       0x16 src/obc/obc_task.o
 .text.led_blinky
                0x00004bac       0x10 src/obc/obc_task.o
                0x00004bac                led_blinky
 .text.csp_twoway_client
                0x00004bbc       0xde src/obc/obc_task.o
                0x00004bbc                csp_twoway_client
 .text.send_start
                0x00004c9a       0x12 src/util/i2c.o
                0x00004c9a                send_start
 .text.i2c_init
                0x00004cac      0x10a src/util/i2c.o
                0x00004cac                i2c_init
 .text.i2c_send
                0x00004db6       0xb4 src/util/i2c.o
                0x00004db6                i2c_send
 .text.__vector_39
                0x00004e6a      0x568 src/util/i2c.o
                0x00004e6a                __vector_39
 .text.uart_putchar
                0x000053d2       0x3e src/util/uart.o
                0x000053d2                uart_putchar
 .text.uart_getchar
                0x00005410      0x216 src/util/uart.o
                0x00005410                uart_getchar
 .text.uart_init
                0x00005626       0x28 src/util/uart.o
                0x00005626                uart_init
 .text.main     0x0000564e       0xa6 src/src/main.o
                0x0000564e                main
 .text.board_init
                0x000056f4        0x2 src/ASF/mega/boards/stk600/rcx_x/init.o
                0x000056f4                board_init
 .text.libgcc.div
                0x000056f6       0x26 c:/program files (x86)/atmel/studio/7.0/toolchain/avr8/avr8-gnu-toolchain/bin/../lib/gcc/avr/5.4.0/avr6\libgcc.a(_divmodhi4.o)
                0x000056f6                _div
                0x000056f6                __divmodhi4
 .text.libgcc.div
                0x0000571c       0x44 c:/program files (x86)/atmel/studio/7.0/toolchain/avr8/avr8-gnu-toolchain/bin/../lib/gcc/avr/5.4.0/avr6\libgcc.a(_udivmodsi4.o)
                0x0000571c                __udivmodsi4
 .text.libgcc   0x00005760       0x10 c:/program files (x86)/atmel/studio/7.0/toolchain/avr8/avr8-gnu-toolchain/bin/../lib/gcc/avr/5.4.0/avr6\libgcc.a(_tablejump2.o)
                0x00005760                __tablejump2__
 .text.libgcc.mul
                0x00005770       0x1e c:/program files (x86)/atmel/studio/7.0/toolchain/avr8/avr8-gnu-toolchain/bin/../lib/gcc/avr/5.4.0/avr6\libgcc.a(_umulhisi3.o)
                0x00005770                __umulhisi3
 .text.libgcc.div
                0x0000578e       0x28 c:/program files (x86)/atmel/studio/7.0/toolchain/avr8/avr8-gnu-toolchain/bin/../lib/gcc/avr/5.4.0/avr6\libgcc.a(_udivmodhi4.o)
                0x0000578e                __udivmodhi4
 .text.avr-libc
                0x000057b6       0xaa c:/program files (x86)/atmel/studio/7.0/toolchain/avr8/avr8-gnu-toolchain/bin/../lib/gcc/avr/5.4.0/../../../../avr/lib/avr6\libc.a(rand.o)
                0x00005842                rand_r
                0x00005844                rand
                0x0000584a                srand
 .text.avr-libc
                0x00005860       0x12 c:/program files (x86)/atmel/studio/7.0/toolchain/avr8/avr8-gnu-toolchain/bin/../lib/gcc/avr/5.4.0/../../../../avr/lib/avr6\libc.a(memcpy.o)
                0x00005860                memcpy
 .text.avr-libc
                0x00005872        0xe c:/program files (x86)/atmel/studio/7.0/toolchain/avr8/avr8-gnu-toolchain/bin/../lib/gcc/avr/5.4.0/../../../../avr/lib/avr6\libc.a(memset.o)
                0x00005872                memset
 .text.avr-libc
                0x00005880       0x16 c:/program files (x86)/atmel/studio/7.0/toolchain/avr8/avr8-gnu-toolchain/bin/../lib/gcc/avr/5.4.0/../../../../avr/lib/avr6\libc.a(strnlen.o)
                0x00005880                strnlen
 .text.avr-libc
                0x00005896       0x84 c:/program files (x86)/atmel/studio/7.0/toolchain/avr8/avr8-gnu-toolchain/bin/../lib/gcc/avr/5.4.0/../../../../avr/lib/avr6\libc.a(fwrite.o)
                0x00005896                fwrite
 .text.avr-libc
                0x0000591a       0x4e c:/program files (x86)/atmel/studio/7.0/toolchain/avr8/avr8-gnu-toolchain/bin/../lib/gcc/avr/5.4.0/../../../../avr/lib/avr6\libc.a(printf_p.o)
                0x0000591a                printf_P
 .text.avr-libc
                0x00005968       0x1c c:/program files (x86)/atmel/studio/7.0/toolchain/avr8/avr8-gnu-toolchain/bin/../lib/gcc/avr/5.4.0/../../../../avr/lib/avr6\libc.a(vfprintf_p.o)
                0x00005968                vfprintf_P
 .text.avr-libc
                0x00005984      0x3fa c:/program files (x86)/atmel/studio/7.0/toolchain/avr8/avr8-gnu-toolchain/bin/../lib/gcc/avr/5.4.0/../../../../avr/lib/avr6\libc.a(vfprintf_std.o)
                0x00005984                vfprintf
 .text.avr-libc
                0x00005d7e       0x16 c:/program files (x86)/atmel/studio/7.0/toolchain/avr8/avr8-gnu-toolchain/bin/../lib/gcc/avr/5.4.0/../../../../avr/lib/avr6\libc.a(strnlen_P.o)
                0x00005d7e                strnlen_P
 .text.avr-libc
                0x00005d94       0x78 c:/program files (x86)/atmel/studio/7.0/toolchain/avr8/avr8-gnu-toolchain/bin/../lib/gcc/avr/5.4.0/../../../../avr/lib/avr6\libc.a(fputc.o)
                0x00005d94                fputc
 .text.avr-libc
                0x00005e0c       0xbc c:/program files (x86)/atmel/studio/7.0/toolchain/avr8/avr8-gnu-toolchain/bin/../lib/gcc/avr/5.4.0/../../../../avr/lib/avr6\libc.a(ultoa_invert.o)
                0x00005e0c                __ultoa_invert
 .text.libgcc.div
                0x00005ec8       0x28 c:/program files (x86)/atmel/studio/7.0/toolchain/avr8/avr8-gnu-toolchain/bin/../lib/gcc/avr/5.4.0/avr6\libgcc.a(_divmodsi4.o)
                0x00005ec8                __divmodsi4
 .text.libgcc.div
                0x00005ef0       0x10 c:/program files (x86)/atmel/studio/7.0/toolchain/avr8/avr8-gnu-toolchain/bin/../lib/gcc/avr/5.4.0/avr6\libgcc.a(_negsi2.o)
                0x00005ef0                __negsi2
 .text.libgcc.mul
                0x00005f00       0x14 c:/program files (x86)/atmel/studio/7.0/toolchain/avr8/avr8-gnu-toolchain/bin/../lib/gcc/avr/5.4.0/avr6\libgcc.a(_muluhisi3.o)
                0x00005f00                __muluhisi3
 .text.libgcc.mul
                0x00005f14        0xc c:/program files (x86)/atmel/studio/7.0/toolchain/avr8/avr8-gnu-toolchain/bin/../lib/gcc/avr/5.4.0/avr6\libgcc.a(_mulshisi3.o)
                0x00005f14                __mulshisi3
                0x00005f18                __mulohisi3
                0x00005f20                . = ALIGN (0x2)
 *(.fini9)
 .fini9         0x00005f20        0x0 c:/program files (x86)/atmel/studio/7.0/toolchain/avr8/avr8-gnu-toolchain/bin/../lib/gcc/avr/5.4.0/avr6\libgcc.a(_exit.o)
                0x00005f20                _exit
                0x00005f20                exit
 *(.fini9)
 *(.fini8)
 *(.fini8)
 *(.fini7)
 *(.fini7)
 *(.fini6)
 *(.fini6)
 *(.fini5)
 *(.fini5)
 *(.fini4)
 *(.fini4)
 *(.fini3)
 *(.fini3)
 *(.fini2)
 *(.fini2)
 *(.fini1)
 *(.fini1)
 *(.fini0)
 .fini0         0x00005f20        0x4 c:/program files (x86)/atmel/studio/7.0/toolchain/avr8/avr8-gnu-toolchain/bin/../lib/gcc/avr/5.4.0/avr6\libgcc.a(_exit.o)
 *(.fini0)
                0x00005f24                _etext = .

.data           0x00800200      0x1f2 load address 0x00005f24
                0x00800200                PROVIDE (__data_start, .)
 *(.data)
 .data          0x00800200        0x4 c:/program files (x86)/atmel/studio/7.0/toolchain/avr8/avr8-gnu-toolchain/bin/../lib/gcc/avr/5.4.0/../../../../avr/lib/avr6\libc.a(rand.o)
 *(.data*)
 .data.csp_debug_level_enabled
                0x00800204        0x7 src/libcsp/src/csp_debug.o
                0x00800204                csp_debug_level_enabled
 .data.csp_if_i2c
                0x0080020b       0x33 src/libcsp/src/interfaces/csp_if_i2c.o
                0x0080020b                csp_if_i2c
 .data.csp_if_lo
                0x0080023e       0x33 src/libcsp/src/interfaces/csp_if_lo.o
                0x0080023e                csp_if_lo
 .data.usart0_str
                0x00800271        0xe src/util/uart.o
 *(.gnu.linkonce.d*)
 *(.rodata)
 *(.rodata*)
 .rodata.str1.1
                0x0080027f        0x5 src/FreeRTOS/Source/tasks.o
 .rodata.str1.1
                0x00800284       0x30 src/libcsp/src/arch/freertos/csp_semaphore.o
 .rodata.str1.1
                0x008002b4       0x1f src/libcsp/src/csp_buffer.o
 .rodata.str1.1
                0x008002d3       0x1d src/libcsp/src/csp_conn.o
 .rodata.str1.1
                0x008002f0       0x2c src/libcsp/src/csp_io.o
 .rodata.str1.1
                0x0080031c       0x1e src/libcsp/src/csp_qfifo.o
 .rodata.str1.1
                0x0080033a       0x22 src/libcsp/src/csp_route.o
 .rodata.str1.1
                0x0080035c        0x4 src/libcsp/src/interfaces/csp_if_i2c.o
 .rodata.str1.1
                0x00800360        0x5 src/libcsp/src/interfaces/csp_if_lo.o
 .rodata.str1.1
                0x00800365       0x2d src/libcsp/src/rtable/csp_rtable_static.o
 .rodata.str1.1
                0x00800392       0x26 src/libcsp/src/transport/csp_udp.o
 .rodata.str1.1
                0x008003b8        0x5 src/obc/obc_task.o
 .rodata.str1.1
                0x008003bd        0x8 src/util/uart.o
 .rodata.str1.1
                0x008003c5       0x2d src/src/main.o
 *(.gnu.linkonce.r*)
                0x008003f2                . = ALIGN (0x2)
                0x008003f2                _edata = .
                0x008003f2                PROVIDE (__data_end, .)

.bss            0x008003f2     0x1c3c
                0x008003f2                PROVIDE (__bss_start, .)
 *(.bss)
 *(.bss*)
 .bss.xBlockAllocatedBit
                0x008003f2        0x2 src/FreeRTOS/Source/portable/MemMang/heap_4.o
 .bss.xMinimumEverFreeBytesRemaining
                0x008003f4        0x2 src/FreeRTOS/Source/portable/MemMang/heap_4.o
 .bss.xFreeBytesRemaining
                0x008003f6        0x2 src/FreeRTOS/Source/portable/MemMang/heap_4.o
 .bss.pxEnd     0x008003f8        0x2 src/FreeRTOS/Source/portable/MemMang/heap_4.o
 .bss.xStart    0x008003fa        0x4 src/FreeRTOS/Source/portable/MemMang/heap_4.o
 .bss.ucHeap    0x008003fe     0x1964 src/FreeRTOS/Source/portable/MemMang/heap_4.o
 .bss.uxSchedulerSuspended
                0x00801d62        0x1 src/FreeRTOS/Source/tasks.o
 .bss.xIdleTaskHandle
                0x00801d63        0x2 src/FreeRTOS/Source/tasks.o
 .bss.xNextTaskUnblockTime
                0x00801d65        0x4 src/FreeRTOS/Source/tasks.o
 .bss.uxTaskNumber
                0x00801d69        0x1 src/FreeRTOS/Source/tasks.o
 .bss.xNumOfOverflows
                0x00801d6a        0x1 src/FreeRTOS/Source/tasks.o
 .bss.xYieldPending
                0x00801d6b        0x1 src/FreeRTOS/Source/tasks.o
 .bss.uxPendedTicks
                0x00801d6c        0x1 src/FreeRTOS/Source/tasks.o
 .bss.xSchedulerRunning
                0x00801d6d        0x1 src/FreeRTOS/Source/tasks.o
 .bss.uxTopReadyPriority
                0x00801d6e        0x1 src/FreeRTOS/Source/tasks.o
 .bss.xTickCount
                0x00801d6f        0x4 src/FreeRTOS/Source/tasks.o
 .bss.uxCurrentNumberOfTasks
                0x00801d73        0x1 src/FreeRTOS/Source/tasks.o
 .bss.xSuspendedTaskList
                0x00801d74        0xb src/FreeRTOS/Source/tasks.o
 .bss.uxDeletedTasksWaitingCleanUp
                0x00801d7f        0x1 src/FreeRTOS/Source/tasks.o
 .bss.xTasksWaitingTermination
                0x00801d80        0xb src/FreeRTOS/Source/tasks.o
 .bss.xPendingReadyList
                0x00801d8b        0xb src/FreeRTOS/Source/tasks.o
 .bss.pxOverflowDelayedTaskList
                0x00801d96        0x2 src/FreeRTOS/Source/tasks.o
 .bss.pxDelayedTaskList
                0x00801d98        0x2 src/FreeRTOS/Source/tasks.o
 .bss.xDelayedTaskList2
                0x00801d9a        0xb src/FreeRTOS/Source/tasks.o
 .bss.xDelayedTaskList1
                0x00801da5        0xb src/FreeRTOS/Source/tasks.o
 .bss.pxReadyTasksLists
                0x00801db0       0x37 src/FreeRTOS/Source/tasks.o
 .bss.pxCurrentTCB
                0x00801de7        0x2 src/FreeRTOS/Source/tasks.o
                0x00801de7                pxCurrentTCB
 .bss.size      0x00801de9        0x2 src/libcsp/src/csp_buffer.o
 .bss.count     0x00801deb        0x2 src/libcsp/src/csp_buffer.o
 .bss.csp_buffer_pool
                0x00801ded        0x2 src/libcsp/src/csp_buffer.o
 .bss.csp_buffers
                0x00801def        0x2 src/libcsp/src/csp_buffer.o
 .bss.csp_conn_last_given.3225
                0x00801df1        0x1 src/libcsp/src/csp_conn.o
 .bss.sport_lock
                0x00801df2        0x2 src/libcsp/src/csp_conn.o
 .bss.sport     0x00801df4        0x1 src/libcsp/src/csp_conn.o
 .bss.conn_lock
                0x00801df5        0x2 src/libcsp/src/csp_conn.o
 .bss.arr_conn  0x00801df7       0xf0 src/libcsp/src/csp_conn.o
 .bss.csp_debug_hook_func
                0x00801ee7        0x2 src/libcsp/src/csp_debug.o
                0x00801ee7                csp_debug_hook_func
 .bss.interfaces
                0x00801ee9        0x2 src/libcsp/src/csp_iflist.o
 .bss.csp_my_address
                0x00801eeb        0x1 src/libcsp/src/csp_io.o
 .bss.ports     0x00801eec       0x63 src/libcsp/src/csp_port.o
 .bss.qfifo     0x00801f4f        0x2 src/libcsp/src/csp_qfifo.o
 .bss.handle_router.3087
                0x00801f51        0x2 src/libcsp/src/csp_route.o
 .bss.packet.2416
                0x00801f53        0x2 src/libcsp/src/interfaces/csp_if_i2c.o
 .bss.csp_i2c_handle
                0x00801f55        0x2 src/libcsp/src/interfaces/csp_if_i2c.o
 .bss.routes    0x00801f57       0x63 src/libcsp/src/rtable/csp_rtable_static.o
 .bss.flag2.3117
                0x00801fba        0x1 src/util/i2c.o
 .bss.flag.3116
                0x00801fbb        0x1 src/util/i2c.o
 .bss.xTaskWoken.3115
                0x00801fbc        0x1 src/util/i2c.o
 .bss.i2c_busy  0x00801fbd        0x2 src/util/i2c.o
 .bss.i2c_addr  0x00801fbf        0x1 src/util/i2c.o
 .bss.i2c_speed
                0x00801fc0        0x2 src/util/i2c.o
 .bss.device_mode
                0x00801fc2        0x2 src/util/i2c.o
 .bss.rx_cnt    0x00801fc4        0x2 src/util/i2c.o
 .bss.tx_cnt    0x00801fc6        0x2 src/util/i2c.o
 .bss.rx_callback
                0x00801fc8        0x2 src/util/i2c.o
 .bss.rx_queue  0x00801fca        0x2 src/util/i2c.o
 .bss.tx_queue  0x00801fcc        0x2 src/util/i2c.o
 .bss.tx_frame  0x00801fce        0x2 src/util/i2c.o
 .bss.rx_frame  0x00801fd0        0x2 src/util/i2c.o
 .bss.i2cflag   0x00801fd2        0x2 src/util/i2c.o
                0x00801fd2                i2cflag
 .bss.b.2117    0x00801fd4       0x50 src/util/uart.o
 .bss.rxp.2118  0x00802024        0x2 src/util/uart.o
 *(COMMON)
 COMMON         0x00802026        0x2 src/obc/obc_task.o
                0x00802026                I2C_task
 COMMON         0x00802028        0x6 c:/program files (x86)/atmel/studio/7.0/toolchain/avr8/avr8-gnu-toolchain/bin/../lib/gcc/avr/5.4.0/../../../../avr/lib/avr6\libc.a(iob.o)
                0x00802028                __iob
                0x0080202e                PROVIDE (__bss_end, .)
                0x00005f24                __data_load_start = LOADADDR (.data)
                0x00006116                __data_load_end = (__data_load_start + SIZEOF (.data))

.noinit         0x0080202e        0x0
                [!provide]                PROVIDE (__noinit_start, .)
 *(.noinit*)
                [!provide]                PROVIDE (__noinit_end, .)
                0x0080202e                _end = .
                [!provide]                PROVIDE (__heap_start, .)

.eeprom         0x00810000        0x0
 *(.eeprom*)
                0x00810000                __eeprom_end = .

.fuse
 *(.fuse)
 *(.lfuse)
 *(.hfuse)
 *(.efuse)

.lock
 *(.lock*)

.signature
 *(.signature*)

.user_signatures
 *(.user_signatures*)

.stab
 *(.stab)

.stabstr
 *(.stabstr)

.stab.excl
 *(.stab.excl)

.stab.exclstr
 *(.stab.exclstr)

.stab.index
 *(.stab.index)

.stab.indexstr
 *(.stab.indexstr)

.comment        0x00000000       0x5c
 *(.comment)
 .comment       0x00000000       0x30 src/FreeRTOS/Source/list.o
                                 0x31 (size before relaxing)
 .comment       0x00000030       0x31 src/FreeRTOS/Source/portable/MemMang/heap_4.o
 .comment       0x00000030       0x31 src/FreeRTOS/Source/portable/WinAVR/ATmega2560/port.o
 .comment       0x00000030       0x31 src/FreeRTOS/Source/queue.o
 .comment       0x00000030       0x31 src/FreeRTOS/Source/tasks.o
 .comment       0x00000030       0x31 src/libcsp/src/arch/freertos/csp_malloc.o
 .comment       0x00000030       0x31 src/libcsp/src/arch/freertos/csp_queue.o
 .comment       0x00000030       0x31 src/libcsp/src/arch/freertos/csp_semaphore.o
 .comment       0x00000030       0x31 src/libcsp/src/arch/freertos/csp_system.o
 .comment       0x00000030       0x31 src/libcsp/src/arch/freertos/csp_thread.o
 .comment       0x00000030       0x31 src/libcsp/src/arch/freertos/csp_time.o
 .comment       0x00000030       0x31 src/libcsp/src/csp_buffer.o
 .comment       0x00000030       0x31 src/libcsp/src/csp_conn.o
 .comment       0x00000030       0x31 src/libcsp/src/csp_debug.o
 .comment       0x00000030       0x31 src/libcsp/src/csp_endian.o
 .comment       0x00000030       0x31 src/libcsp/src/csp_iflist.o
 .comment       0x00000030       0x31 src/libcsp/src/csp_io.o
 .comment       0x00000030       0x31 src/libcsp/src/csp_port.o
 .comment       0x00000030       0x31 src/libcsp/src/csp_qfifo.o
 .comment       0x00000030       0x31 src/libcsp/src/csp_route.o
 .comment       0x00000030       0x31 src/libcsp/src/interfaces/csp_if_i2c.o
 .comment       0x00000030       0x31 src/libcsp/src/interfaces/csp_if_lo.o
 .comment       0x00000030       0x31 src/libcsp/src/rtable/csp_rtable_static.o
 .comment       0x00000030       0x31 src/libcsp/src/transport/csp_udp.o
 .comment       0x00000030       0x31 src/obc/obc_task.o
 .comment       0x00000030       0x31 src/util/i2c.o
 .comment       0x00000030       0x31 src/util/uart.o
 .comment       0x00000030       0x31 src/src/main.o
 .comment       0x00000030       0x31 src/ASF/mega/boards/stk600/rcx_x/init.o
 .comment       0x00000030       0x31 c:/program files (x86)/atmel/studio/7.0/toolchain/avr8/avr8-gnu-toolchain/bin/../lib/gcc/avr/5.4.0/../../../../avr/lib/avr6\libc.a(rand.o)
 .comment       0x00000030       0x31 c:/program files (x86)/atmel/studio/7.0/toolchain/avr8/avr8-gnu-toolchain/bin/../lib/gcc/avr/5.4.0/../../../../avr/lib/avr6\libc.a(fwrite.o)
 .comment       0x00000030       0x31 c:/program files (x86)/atmel/studio/7.0/toolchain/avr8/avr8-gnu-toolchain/bin/../lib/gcc/avr/5.4.0/../../../../avr/lib/avr6\libc.a(iob.o)
 .comment       0x00000030       0x31 c:/program files (x86)/atmel/studio/7.0/toolchain/avr8/avr8-gnu-toolchain/bin/../lib/gcc/avr/5.4.0/../../../../avr/lib/avr6\libc.a(printf_p.o)
 .comment       0x00000030       0x31 c:/program files (x86)/atmel/studio/7.0/toolchain/avr8/avr8-gnu-toolchain/bin/../lib/gcc/avr/5.4.0/../../../../avr/lib/avr6\libc.a(vfprintf_p.o)
 .comment       0x00000030       0x2c c:/program files (x86)/atmel/studio/7.0/toolchain/avr8/avr8-gnu-toolchain/bin/../lib/gcc/avr/5.4.0/../../../../avr/lib/avr6\libc.a(vfprintf_std.o)
                                 0x2d (size before relaxing)
 .comment       0x0000005c       0x31 c:/program files (x86)/atmel/studio/7.0/toolchain/avr8/avr8-gnu-toolchain/bin/../lib/gcc/avr/5.4.0/../../../../avr/lib/avr6\libc.a(fputc.o)

.note.gnu.avr.deviceinfo
                0x00000000       0x40
 .note.gnu.avr.deviceinfo
                0x00000000       0x40 C:/Program Files (x86)/Atmel/Studio/7.0/Packs/atmel/ATmega_DFP/1.3.300/gcc/dev/atmega2560/avr6/crtatmega2560.o

.note.gnu.build-id
 *(.note.gnu.build-id)

.debug
 *(.debug)

.line
 *(.line)

.debug_srcinfo
 *(.debug_srcinfo)

.debug_sfnames
 *(.debug_sfnames)

.debug_aranges  0x00000000      0xa40
 *(.debug_aranges)
 .debug_aranges
                0x00000000       0x40 src/FreeRTOS/Source/list.o
 .debug_aranges
                0x00000040       0x48 src/FreeRTOS/Source/portable/MemMang/heap_4.o
 .debug_aranges
                0x00000088       0x48 src/FreeRTOS/Source/portable/WinAVR/ATmega2560/port.o
 .debug_aranges
                0x000000d0       0xf8 src/FreeRTOS/Source/queue.o
 .debug_aranges
                0x000001c8      0x190 src/FreeRTOS/Source/tasks.o
 .debug_aranges
                0x00000358       0x28 src/libcsp/src/arch/freertos/csp_malloc.o
 .debug_aranges
                0x00000380       0x58 src/libcsp/src/arch/freertos/csp_queue.o
 .debug_aranges
                0x000003d8       0x60 src/libcsp/src/arch/freertos/csp_semaphore.o
 .debug_aranges
                0x00000438       0x48 src/libcsp/src/arch/freertos/csp_system.o
 .debug_aranges
                0x00000480       0x20 src/libcsp/src/arch/freertos/csp_thread.o
 .debug_aranges
                0x000004a0       0x38 src/libcsp/src/arch/freertos/csp_time.o
 .debug_aranges
                0x000004d8       0x58 src/libcsp/src/csp_buffer.o
 .debug_aranges
                0x00000530       0xb0 src/libcsp/src/csp_conn.o
 .debug_aranges
                0x000005e0       0x40 src/libcsp/src/csp_debug.o
 .debug_aranges
                0x00000620       0xc8 src/libcsp/src/csp_endian.o
 .debug_aranges
                0x000006e8       0x38 src/libcsp/src/csp_iflist.o
 .debug_aranges
                0x00000720       0xb8 src/libcsp/src/csp_io.o
 .debug_aranges
                0x000007d8       0x38 src/libcsp/src/csp_port.o
 .debug_aranges
                0x00000810       0x30 src/libcsp/src/csp_qfifo.o
 .debug_aranges
                0x00000840       0x38 src/libcsp/src/csp_route.o
 .debug_aranges
                0x00000878       0x30 src/libcsp/src/interfaces/csp_if_i2c.o
 .debug_aranges
                0x000008a8       0x20 src/libcsp/src/interfaces/csp_if_lo.o
 .debug_aranges
                0x000008c8       0x50 src/libcsp/src/rtable/csp_rtable_static.o
 .debug_aranges
                0x00000918       0x20 src/libcsp/src/transport/csp_udp.o
 .debug_aranges
                0x00000938       0x30 src/obc/obc_task.o
 .debug_aranges
                0x00000968       0x68 src/util/i2c.o
 .debug_aranges
                0x000009d0       0x30 src/util/uart.o
 .debug_aranges
                0x00000a00       0x20 src/src/main.o
 .debug_aranges
                0x00000a20       0x20 src/ASF/mega/boards/stk600/rcx_x/init.o

.debug_pubnames
 *(.debug_pubnames)

.debug_info     0x00000000     0xce93
 *(.debug_info .gnu.linkonce.wi.*)
 .debug_info    0x00000000      0xbbc C:/Program Files (x86)/Atmel/Studio/7.0/Packs/atmel/ATmega_DFP/1.3.300/gcc/dev/atmega2560/avr6/crtatmega2560.o
 .debug_info    0x00000bbc      0x2ca src/FreeRTOS/Source/list.o
 .debug_info    0x00000e86      0x39f src/FreeRTOS/Source/portable/MemMang/heap_4.o
 .debug_info    0x00001225      0x258 src/FreeRTOS/Source/portable/WinAVR/ATmega2560/port.o
 .debug_info    0x0000147d     0x1729 src/FreeRTOS/Source/queue.o
 .debug_info    0x00002ba6     0x2360 src/FreeRTOS/Source/tasks.o
 .debug_info    0x00004f06      0x114 src/libcsp/src/arch/freertos/csp_malloc.o
 .debug_info    0x0000501a      0x443 src/libcsp/src/arch/freertos/csp_queue.o
 .debug_info    0x0000545d      0x400 src/libcsp/src/arch/freertos/csp_semaphore.o
 .debug_info    0x0000585d      0x325 src/libcsp/src/arch/freertos/csp_system.o
 .debug_info    0x00005b82      0x1a3 src/libcsp/src/arch/freertos/csp_thread.o
 .debug_info    0x00005d25      0x142 src/libcsp/src/arch/freertos/csp_time.o
 .debug_info    0x00005e67      0x793 src/libcsp/src/csp_buffer.o
 .debug_info    0x000065fa      0xa90 src/libcsp/src/csp_conn.o
 .debug_info    0x0000708a      0x432 src/libcsp/src/csp_debug.o
 .debug_info    0x000074bc      0x625 src/libcsp/src/csp_endian.o
 .debug_info    0x00007ae1      0x50c src/libcsp/src/csp_iflist.o
 .debug_info    0x00007fed      0xe8f src/libcsp/src/csp_io.o
 .debug_info    0x00008e7c      0x450 src/libcsp/src/csp_port.o
 .debug_info    0x000092cc      0x627 src/libcsp/src/csp_qfifo.o
 .debug_info    0x000098f3      0x9ab src/libcsp/src/csp_route.o
 .debug_info    0x0000a29e      0x60d src/libcsp/src/interfaces/csp_if_i2c.o
 .debug_info    0x0000a8ab      0x3e4 src/libcsp/src/interfaces/csp_if_lo.o
 .debug_info    0x0000ac8f      0x571 src/libcsp/src/rtable/csp_rtable_static.o
 .debug_info    0x0000b200      0x462 src/libcsp/src/transport/csp_udp.o
 .debug_info    0x0000b662      0x3f8 src/obc/obc_task.o
 .debug_info    0x0000ba5a      0x9f8 src/util/i2c.o
 .debug_info    0x0000c452      0x445 src/util/uart.o
 .debug_info    0x0000c897      0x584 src/src/main.o
 .debug_info    0x0000ce1b       0x78 src/ASF/mega/boards/stk600/rcx_x/init.o

.debug_abbrev   0x00000000     0x3fb8
 *(.debug_abbrev)
 .debug_abbrev  0x00000000      0xb1a C:/Program Files (x86)/Atmel/Studio/7.0/Packs/atmel/ATmega_DFP/1.3.300/gcc/dev/atmega2560/avr6/crtatmega2560.o
 .debug_abbrev  0x00000b1a       0xf8 src/FreeRTOS/Source/list.o
 .debug_abbrev  0x00000c12      0x1f6 src/FreeRTOS/Source/portable/MemMang/heap_4.o
 .debug_abbrev  0x00000e08      0x155 src/FreeRTOS/Source/portable/WinAVR/ATmega2560/port.o
 .debug_abbrev  0x00000f5d      0x270 src/FreeRTOS/Source/queue.o
 .debug_abbrev  0x000011cd      0x34a src/FreeRTOS/Source/tasks.o
 .debug_abbrev  0x00001517       0xbd src/libcsp/src/arch/freertos/csp_malloc.o
 .debug_abbrev  0x000015d4       0xe2 src/libcsp/src/arch/freertos/csp_queue.o
 .debug_abbrev  0x000016b6      0x163 src/libcsp/src/arch/freertos/csp_semaphore.o
 .debug_abbrev  0x00001819      0x1a8 src/libcsp/src/arch/freertos/csp_system.o
 .debug_abbrev  0x000019c1       0xc3 src/libcsp/src/arch/freertos/csp_thread.o
 .debug_abbrev  0x00001a84       0x72 src/libcsp/src/arch/freertos/csp_time.o
 .debug_abbrev  0x00001af6      0x249 src/libcsp/src/csp_buffer.o
 .debug_abbrev  0x00001d3f      0x37f src/libcsp/src/csp_conn.o
 .debug_abbrev  0x000020be      0x20c src/libcsp/src/csp_debug.o
 .debug_abbrev  0x000022ca      0x168 src/libcsp/src/csp_endian.o
 .debug_abbrev  0x00002432      0x226 src/libcsp/src/csp_iflist.o
 .debug_abbrev  0x00002658      0x36c src/libcsp/src/csp_io.o
 .debug_abbrev  0x000029c4      0x1e3 src/libcsp/src/csp_port.o
 .debug_abbrev  0x00002ba7      0x1e8 src/libcsp/src/csp_qfifo.o
 .debug_abbrev  0x00002d8f      0x2d1 src/libcsp/src/csp_route.o
 .debug_abbrev  0x00003060      0x1da src/libcsp/src/interfaces/csp_if_i2c.o
 .debug_abbrev  0x0000323a      0x193 src/libcsp/src/interfaces/csp_if_lo.o
 .debug_abbrev  0x000033cd      0x258 src/libcsp/src/rtable/csp_rtable_static.o
 .debug_abbrev  0x00003625      0x18a src/libcsp/src/transport/csp_udp.o
 .debug_abbrev  0x000037af      0x241 src/obc/obc_task.o
 .debug_abbrev  0x000039f0      0x232 src/util/i2c.o
 .debug_abbrev  0x00003c22      0x193 src/util/uart.o
 .debug_abbrev  0x00003db5      0x1bf src/src/main.o
 .debug_abbrev  0x00003f74       0x44 src/ASF/mega/boards/stk600/rcx_x/init.o

.debug_line     0x00000000     0x720c
 *(.debug_line .debug_line.* .debug_line_end)
 .debug_line    0x00000000      0x1f9 C:/Program Files (x86)/Atmel/Studio/7.0/Packs/atmel/ATmega_DFP/1.3.300/gcc/dev/atmega2560/avr6/crtatmega2560.o
 .debug_line    0x000001f9      0x22e src/FreeRTOS/Source/list.o
 .debug_line    0x00000427      0x345 src/FreeRTOS/Source/portable/MemMang/heap_4.o
 .debug_line    0x0000076c      0x2ec src/FreeRTOS/Source/portable/WinAVR/ATmega2560/port.o
 .debug_line    0x00000a58      0xb97 src/FreeRTOS/Source/queue.o
 .debug_line    0x000015ef     0x13c3 src/FreeRTOS/Source/tasks.o
 .debug_line    0x000029b2      0x119 src/libcsp/src/arch/freertos/csp_malloc.o
 .debug_line    0x00002acb      0x28e src/libcsp/src/arch/freertos/csp_queue.o
 .debug_line    0x00002d59      0x2e3 src/libcsp/src/arch/freertos/csp_semaphore.o
 .debug_line    0x0000303c      0x2c9 src/libcsp/src/arch/freertos/csp_system.o
 .debug_line    0x00003305       0xff src/libcsp/src/arch/freertos/csp_thread.o
 .debug_line    0x00003404      0x184 src/libcsp/src/arch/freertos/csp_time.o
 .debug_line    0x00003588      0x4c2 src/libcsp/src/csp_buffer.o
 .debug_line    0x00003a4a      0x7ce src/libcsp/src/csp_conn.o
 .debug_line    0x00004218      0x2a4 src/libcsp/src/csp_debug.o
 .debug_line    0x000044bc      0x2f3 src/libcsp/src/csp_endian.o
 .debug_line    0x000047af      0x1f7 src/libcsp/src/csp_iflist.o
 .debug_line    0x000049a6      0x7d0 src/libcsp/src/csp_io.o
 .debug_line    0x00005176      0x2fe src/libcsp/src/csp_port.o
 .debug_line    0x00005474      0x27f src/libcsp/src/csp_qfifo.o
 .debug_line    0x000056f3      0x4b5 src/libcsp/src/csp_route.o
 .debug_line    0x00005ba8      0x214 src/libcsp/src/interfaces/csp_if_i2c.o
 .debug_line    0x00005dbc      0x12b src/libcsp/src/interfaces/csp_if_lo.o
 .debug_line    0x00005ee7      0x255 src/libcsp/src/rtable/csp_rtable_static.o
 .debug_line    0x0000613c      0x204 src/libcsp/src/transport/csp_udp.o
 .debug_line    0x00006340      0x27b src/obc/obc_task.o
 .debug_line    0x000065bb      0x728 src/util/i2c.o
 .debug_line    0x00006ce3      0x286 src/util/uart.o
 .debug_line    0x00006f69      0x24b src/src/main.o
 .debug_line    0x000071b4       0x58 src/ASF/mega/boards/stk600/rcx_x/init.o

.debug_frame    0x00000000     0x27e8
 *(.debug_frame)
 .debug_frame   0x00000000       0x90 src/FreeRTOS/Source/list.o
 .debug_frame   0x00000090       0xb4 src/FreeRTOS/Source/portable/MemMang/heap_4.o
 .debug_frame   0x00000144       0x74 src/FreeRTOS/Source/portable/WinAVR/ATmega2560/port.o
 .debug_frame   0x000001b8      0x3b0 src/FreeRTOS/Source/queue.o
 .debug_frame   0x00000568      0x6c0 src/FreeRTOS/Source/tasks.o
 .debug_frame   0x00000c28       0x34 src/libcsp/src/arch/freertos/csp_malloc.o
 .debug_frame   0x00000c5c       0xa4 src/libcsp/src/arch/freertos/csp_queue.o
 .debug_frame   0x00000d00      0x174 src/libcsp/src/arch/freertos/csp_semaphore.o
 .debug_frame   0x00000e74      0x108 src/libcsp/src/arch/freertos/csp_system.o
 .debug_frame   0x00000f7c       0x34 src/libcsp/src/arch/freertos/csp_thread.o
 .debug_frame   0x00000fb0       0x54 src/libcsp/src/arch/freertos/csp_time.o
 .debug_frame   0x00001004      0x14c src/libcsp/src/csp_buffer.o
 .debug_frame   0x00001150      0x470 src/libcsp/src/csp_conn.o
 .debug_frame   0x000015c0       0x9c src/libcsp/src/csp_debug.o
 .debug_frame   0x0000165c      0x3c4 src/libcsp/src/csp_endian.o
 .debug_frame   0x00001a20       0xdc src/libcsp/src/csp_iflist.o
 .debug_frame   0x00001afc      0x554 src/libcsp/src/csp_io.o
 .debug_frame   0x00002050      0x100 src/libcsp/src/csp_port.o
 .debug_frame   0x00002150       0x74 src/libcsp/src/csp_qfifo.o
 .debug_frame   0x000021c4       0xfc src/libcsp/src/csp_route.o
 .debug_frame   0x000022c0       0x98 src/libcsp/src/interfaces/csp_if_i2c.o
 .debug_frame   0x00002358       0x38 src/libcsp/src/interfaces/csp_if_lo.o
 .debug_frame   0x00002390      0x114 src/libcsp/src/rtable/csp_rtable_static.o
 .debug_frame   0x000024a4       0x40 src/libcsp/src/transport/csp_udp.o
 .debug_frame   0x000024e4       0x54 src/obc/obc_task.o
 .debug_frame   0x00002538      0x1bc src/util/i2c.o
 .debug_frame   0x000026f4       0x94 src/util/uart.o
 .debug_frame   0x00002788       0x3c src/src/main.o
 .debug_frame   0x000027c4       0x24 src/ASF/mega/boards/stk600/rcx_x/init.o

.debug_str      0x00000000     0x311b
 *(.debug_str)
 .debug_str     0x00000000      0x3e6 C:/Program Files (x86)/Atmel/Studio/7.0/Packs/atmel/ATmega_DFP/1.3.300/gcc/dev/atmega2560/avr6/crtatmega2560.o
 .debug_str     0x000003e6      0x296 src/FreeRTOS/Source/list.o
                                0x2d5 (size before relaxing)
 .debug_str     0x0000067c      0x212 src/FreeRTOS/Source/portable/MemMang/heap_4.o
                                0x39a (size before relaxing)
 .debug_str     0x0000088e      0x146 src/FreeRTOS/Source/portable/WinAVR/ATmega2560/port.o
                                0x2e1 (size before relaxing)
 .debug_str     0x000009d4      0x629 src/FreeRTOS/Source/queue.o
                                0x901 (size before relaxing)
 .debug_str     0x00000ffd      0xa36 src/FreeRTOS/Source/tasks.o
                                0xf37 (size before relaxing)
 .debug_str     0x00001a33       0x41 src/libcsp/src/arch/freertos/csp_malloc.o
                                0x1d3 (size before relaxing)
 .debug_str     0x00001a74       0xf6 src/libcsp/src/arch/freertos/csp_queue.o
                                0x357 (size before relaxing)
 .debug_str     0x00001b6a      0x168 src/libcsp/src/arch/freertos/csp_semaphore.o
                                0x379 (size before relaxing)
 .debug_str     0x00001cd2      0x1a5 src/libcsp/src/arch/freertos/csp_system.o
                                0x3c4 (size before relaxing)
 .debug_str     0x00001e77       0x9a src/libcsp/src/arch/freertos/csp_thread.o
                                0x239 (size before relaxing)
 .debug_str     0x00001f11       0x5d src/libcsp/src/arch/freertos/csp_time.o
                                0x210 (size before relaxing)
 .debug_str     0x00001f6e      0x19e src/libcsp/src/csp_buffer.o
                                0x479 (size before relaxing)
 .debug_str     0x0000210c      0x243 src/libcsp/src/csp_conn.o
                                0x5b2 (size before relaxing)
 .debug_str     0x0000234f      0x103 src/libcsp/src/csp_debug.o
                                0x3d6 (size before relaxing)
 .debug_str     0x00002452      0x137 src/libcsp/src/csp_endian.o
                                0x2db (size before relaxing)
 .debug_str     0x00002589      0x101 src/libcsp/src/csp_iflist.o
                                0x304 (size before relaxing)
 .debug_str     0x0000268a      0x212 src/libcsp/src/csp_io.o
                                0x668 (size before relaxing)
 .debug_str     0x0000289c       0xff src/libcsp/src/csp_port.o
                                0x40a (size before relaxing)
 .debug_str     0x0000299b       0x80 src/libcsp/src/csp_qfifo.o
                                0x404 (size before relaxing)
 .debug_str     0x00002a1b      0x1fb src/libcsp/src/csp_route.o
                                0x6a8 (size before relaxing)
 .debug_str     0x00002c16       0xad src/libcsp/src/interfaces/csp_if_i2c.o
                                0x39c (size before relaxing)
 .debug_str     0x00002cc3       0x33 src/libcsp/src/interfaces/csp_if_lo.o
                                0x2e0 (size before relaxing)
 .debug_str     0x00002cf6       0xd4 src/libcsp/src/rtable/csp_rtable_static.o
                                0x3d6 (size before relaxing)
 .debug_str     0x00002dca       0x26 src/libcsp/src/transport/csp_udp.o
                                0x3bc (size before relaxing)
 .debug_str     0x00002df0      0x166 src/obc/obc_task.o
                                0x367 (size before relaxing)
 .debug_str     0x00002f56      0x108 src/util/i2c.o
                                0x580 (size before relaxing)
 .debug_str     0x0000305e       0x5f src/util/uart.o
                                0x20f (size before relaxing)
 .debug_str     0x000030bd       0x33 src/src/main.o
                                0x365 (size before relaxing)
 .debug_str     0x000030f0       0x2b src/ASF/mega/boards/stk600/rcx_x/init.o
                                0x19c (size before relaxing)

.debug_loc      0x00000000     0xbc3a
 *(.debug_loc)
 .debug_loc     0x00000000      0x17d src/FreeRTOS/Source/list.o
 .debug_loc     0x0000017d      0x394 src/FreeRTOS/Source/portable/MemMang/heap_4.o
 .debug_loc     0x00000511      0x2d3 src/FreeRTOS/Source/portable/WinAVR/ATmega2560/port.o
 .debug_loc     0x000007e4     0x1e26 src/FreeRTOS/Source/queue.o
 .debug_loc     0x0000260a     0x2c39 src/FreeRTOS/Source/tasks.o
 .debug_loc     0x00005243       0x4c src/libcsp/src/arch/freertos/csp_malloc.o
 .debug_loc     0x0000528f      0x2d6 src/libcsp/src/arch/freertos/csp_queue.o
 .debug_loc     0x00005565      0x474 src/libcsp/src/arch/freertos/csp_semaphore.o
 .debug_loc     0x000059d9      0x49f src/libcsp/src/arch/freertos/csp_system.o
 .debug_loc     0x00005e78      0x133 src/libcsp/src/arch/freertos/csp_thread.o
 .debug_loc     0x00005fab      0x592 src/libcsp/src/csp_buffer.o
 .debug_loc     0x0000653d     0x10c8 src/libcsp/src/csp_conn.o
 .debug_loc     0x00007605      0x20b src/libcsp/src/csp_debug.o
 .debug_loc     0x00007810      0x9de src/libcsp/src/csp_endian.o
 .debug_loc     0x000081ee      0x41f src/libcsp/src/csp_iflist.o
 .debug_loc     0x0000860d     0x19f0 src/libcsp/src/csp_io.o
 .debug_loc     0x00009ffd      0x406 src/libcsp/src/csp_port.o
 .debug_loc     0x0000a403      0x1e6 src/libcsp/src/csp_qfifo.o
 .debug_loc     0x0000a5e9      0x374 src/libcsp/src/csp_route.o
 .debug_loc     0x0000a95d      0x2e7 src/libcsp/src/interfaces/csp_if_i2c.o
 .debug_loc     0x0000ac44       0xd1 src/libcsp/src/interfaces/csp_if_lo.o
 .debug_loc     0x0000ad15      0x335 src/libcsp/src/rtable/csp_rtable_static.o
 .debug_loc     0x0000b04a       0xc8 src/libcsp/src/transport/csp_udp.o
 .debug_loc     0x0000b112       0xdc src/obc/obc_task.o
 .debug_loc     0x0000b1ee      0x6ef src/util/i2c.o
 .debug_loc     0x0000b8dd      0x2ed src/util/uart.o
 .debug_loc     0x0000bbca       0x70 src/src/main.o

.debug_macinfo
 *(.debug_macinfo)

.debug_weaknames
 *(.debug_weaknames)

.debug_funcnames
 *(.debug_funcnames)

.debug_typenames
 *(.debug_typenames)

.debug_varnames
 *(.debug_varnames)

.debug_pubtypes
 *(.debug_pubtypes)

.debug_ranges   0x00000000      0x990
 *(.debug_ranges)
 .debug_ranges  0x00000000       0x30 src/FreeRTOS/Source/list.o
 .debug_ranges  0x00000030       0x38 src/FreeRTOS/Source/portable/MemMang/heap_4.o
 .debug_ranges  0x00000068       0x38 src/FreeRTOS/Source/portable/WinAVR/ATmega2560/port.o
 .debug_ranges  0x000000a0      0x148 src/FreeRTOS/Source/queue.o
 .debug_ranges  0x000001e8      0x1f8 src/FreeRTOS/Source/tasks.o
 .debug_ranges  0x000003e0       0x18 src/libcsp/src/arch/freertos/csp_malloc.o
 .debug_ranges  0x000003f8       0x48 src/libcsp/src/arch/freertos/csp_queue.o
 .debug_ranges  0x00000440       0x50 src/libcsp/src/arch/freertos/csp_semaphore.o
 .debug_ranges  0x00000490       0x38 src/libcsp/src/arch/freertos/csp_system.o
 .debug_ranges  0x000004c8       0x10 src/libcsp/src/arch/freertos/csp_thread.o
 .debug_ranges  0x000004d8       0x28 src/libcsp/src/arch/freertos/csp_time.o
 .debug_ranges  0x00000500       0x48 src/libcsp/src/csp_buffer.o
 .debug_ranges  0x00000548       0xa0 src/libcsp/src/csp_conn.o
 .debug_ranges  0x000005e8       0x30 src/libcsp/src/csp_debug.o
 .debug_ranges  0x00000618       0xb8 src/libcsp/src/csp_endian.o
 .debug_ranges  0x000006d0       0x28 src/libcsp/src/csp_iflist.o
 .debug_ranges  0x000006f8       0xa8 src/libcsp/src/csp_io.o
 .debug_ranges  0x000007a0       0x28 src/libcsp/src/csp_port.o
 .debug_ranges  0x000007c8       0x20 src/libcsp/src/csp_qfifo.o
 .debug_ranges  0x000007e8       0x40 src/libcsp/src/csp_route.o
 .debug_ranges  0x00000828       0x20 src/libcsp/src/interfaces/csp_if_i2c.o
 .debug_ranges  0x00000848       0x10 src/libcsp/src/interfaces/csp_if_lo.o
 .debug_ranges  0x00000858       0x70 src/libcsp/src/rtable/csp_rtable_static.o
 .debug_ranges  0x000008c8       0x10 src/libcsp/src/transport/csp_udp.o
 .debug_ranges  0x000008d8       0x20 src/obc/obc_task.o
 .debug_ranges  0x000008f8       0x58 src/util/i2c.o
 .debug_ranges  0x00000950       0x20 src/util/uart.o
 .debug_ranges  0x00000970       0x10 src/src/main.o
 .debug_ranges  0x00000980       0x10 src/ASF/mega/boards/stk600/rcx_x/init.o

.debug_macro
 *(.debug_macro)
OUTPUT(obc.elf elf32-avr)
LOAD linker stubs
